 FFMPEG_HelloWorld

 Timestamp is 613b01ad (Fri Sep 10 14:56:45 2021)

 Preferred load address is 0000000140000000

 Start         Length     Name                   Class
 0001:00000000 00010000H .textbss                DATA
 0002:00000000 00001c10H .text                   CODE
 0002:00001c10 000082c0H .text$mn                CODE
 0002:00009ed0 00001040H .text$mn$00             CODE
 0002:0000af10 000010bfH .text$x                 CODE
 0003:00000000 00000110H .CRT$XCA                DATA
 0003:00000110 00000110H .CRT$XCAA               DATA
 0003:00000220 00000110H .CRT$XCZ                DATA
 0003:00000330 00000110H .CRT$XIA                DATA
 0003:00000440 00000110H .CRT$XIAA               DATA
 0003:00000550 00000110H .CRT$XIAC               DATA
 0003:00000660 00000110H .CRT$XIZ                DATA
 0003:00000770 00000110H .CRT$XPA                DATA
 0003:00000880 00000110H .CRT$XPZ                DATA
 0003:00000990 00000110H .CRT$XTA                DATA
 0003:00000aa0 00000110H .CRT$XTZ                DATA
 0003:00000bb0 00001b50H .rdata                  DATA
 0003:00002700 00000110H .rdata$CastGuardVftablesA DATA
 0003:00002810 0000010cH .rdata$CastGuardVftablesC DATA
 0003:0000291c 0000019cH .rdata$zzzdbg           DATA
 0003:00002ab8 00000110H .rtc$IAA                DATA
 0003:00002bc8 00000188H .rtc$IMZ                DATA
 0003:00002d50 00000110H .rtc$IZZ                DATA
 0003:00002e60 00000110H .rtc$TAA                DATA
 0003:00002f70 00000188H .rtc$TMZ                DATA
 0003:000030f8 00000110H .rtc$TZZ                DATA
 0003:00003208 00000aa0H .xdata                  DATA
 0003:00003ca8 00000000H .edata                  DATA
 0004:00000000 00000240H .data                   DATA
 0004:00000240 00c03520H .bss                    DATA
 0005:00000000 0000228cH .pdata                  DATA
 0006:00000000 000004f8H .idata$5                DATA
 0006:000004f8 00000064H .idata$2                DATA
 0006:0000055c 00000014H .idata$3                DATA
 0006:00000570 000004f8H .idata$4                DATA
 0006:00000a68 0000096cH .idata$6                DATA
 0006:000013d4 00000048H .idata$7                DATA
 0007:00000000 00000179H .msvcjmc                DATA
 0008:00000000 00000151H .00cfg                  DATA
 0009:00000000 00000170H .rsrc$01                DATA
 0009:00000170 000002ccH .rsrc$02                DATA

  Address         Publics by Value              Rva+Base               Lib:Object

 0000:00000000       __guard_longjmp_table      0000000000000000     <absolute>
 0000:00000000       __guard_iat_count          0000000000000000     <absolute>
 0000:00000000       __guard_longjmp_count      0000000000000000     <absolute>
 0000:00000000       __arm64x_extra_rfe_table   0000000000000000     <absolute>
 0000:00000000       __x64_code_ranges_to_entry_points_count 0000000000000000     <absolute>
 0000:00000000       __guard_check_icall_a64n_fptr 0000000000000000     <absolute>
 0000:00000000       __hybrid_code_map          0000000000000000     <absolute>
 0000:00000000       __x64_code_ranges_to_entry_points 0000000000000000     <absolute>
 0000:00000000       __guard_iat_table          0000000000000000     <absolute>
 0000:00000000       __volatile_metadata        0000000000000000     <absolute>
 0000:00000000       __arm64x_extra_rfe_table_size 0000000000000000     <absolute>
 0000:00000000       __hybrid_auxiliary_iat_copy 0000000000000000     <absolute>
 0000:00000000       __arm64x_redirection_metadata_count 0000000000000000     <absolute>
 0000:00000000       __hybrid_code_map_count    0000000000000000     <absolute>
 0000:00000000       __enclave_config           0000000000000000     <absolute>
 0000:00000000       __guard_eh_cont_count      0000000000000000     <absolute>
 0000:00000000       __dynamic_value_reloc_table 0000000000000000     <absolute>
 0000:00000000       ___safe_se_handler_count   0000000000000000     <absolute>
 0000:00000000       __guard_fids_count         0000000000000000     <absolute>
 0000:00000000       __arm64x_redirection_metadata 0000000000000000     <absolute>
 0000:00000000       ___safe_se_handler_table   0000000000000000     <absolute>
 0000:00000000       __hybrid_auxiliary_iat     0000000000000000     <absolute>
 0000:00000000       __guard_eh_cont_table      0000000000000000     <absolute>
 0000:00000000       __AbsoluteZero             0000000000000000     <absolute>
 0000:00000000       __arm64x_native_entrypoint 0000000000000000     <absolute>
 0000:00000000       __guard_fids_table         0000000000000000     <absolute>
 0000:00000100       __guard_flags              0000000000000100     <absolute>
 0000:00000000       __ImageBase                0000000140000000     <linker-defined>
 0001:00000000       __enc$textbss$begin        0000000140001000     <linker-defined>
 0001:00010000       __enc$textbss$end          0000000140011000     <linker-defined>
 0002:0000092c       av_log_set_level           000000014001192c     avutil:disds00317.o
 0002:00000940       av_packet_alloc            0000000140011940     avcodec:dmums00084.o
 0002:0000094c       av_packet_free             000000014001194c     avcodec:dmums00087.o
 0002:00000958       avcodec_find_decoder       0000000140011958     avcodec:dmums00156.o
 0002:00000964       avcodec_alloc_context3     0000000140011964     avcodec:dmums00129.o
 0002:00000970       avcodec_free_context       0000000140011970     avcodec:dmums00161.o
 0002:0000097c       avcodec_open2              000000014001197c     avcodec:dmums00174.o
 0002:00000988       av_parser_init             0000000140011988     avcodec:dmums00106.o
 0002:00000994       av_parser_parse2           0000000140011994     avcodec:dmums00109.o
 0002:000009a0       av_parser_close            00000001400119a0     avcodec:dmums00105.o
 0002:00001c10       __JustMyCode_Default       0000000140012c10 f i main.obj
 0002:00001c20       __local_stdio_printf_options 0000000140012c20 f i main.obj
 0002:00001c60       _vfprintf_l                0000000140012c60 f i main.obj
 0002:00001ce0       file_load_test2            0000000140012ce0 f   main.obj
 0002:00001d90       main                       0000000140012d90 f   main.obj
 0002:00002030       printf                     0000000140013030 f i main.obj
 0002:00002120       param_parser               0000000140013120 f   param_parser.obj
 0002:00002450       snprintf                   0000000140013450 f i param_parser.obj
 0002:00002540       vsnprintf                  0000000140013540 f i param_parser.obj
 0002:00002610       file_load                  0000000140013610 f   zstack:file_load.obj
 0002:000027a0       file_load_simple           00000001400137a0 f   zstack:file_load.obj
 0002:00002a00       _log                       0000000140013a00 f   zstack:log.obj
 0002:00002f30       fprintf                    0000000140013f30 f i zstack:log.obj
 0002:00003020       log_init                   0000000140014020 f   zstack:log.obj
 0002:00003300       print_usage                0000000140014300 f   zstack:print_usage.obj
 0002:00003340       get_ms                     0000000140014340 f   zstack:time.obj
 0002:00003380       get_time                   0000000140014380 f   zstack:time.obj
 0002:000034c0       hr_timer_counter           00000001400144c0 f   zstack:time.obj
 0002:00003560       hr_timer_freq              0000000140014560 f   zstack:time.obj
 0002:000036a0       time_msleep                00000001400146a0 f   zstack:time.obj
 0002:000036f0       _getopt_internal           00000001400146f0 f   zstack:getopt.obj
 0002:00004920       getopt                     0000000140015920 f   zstack:getopt.obj
 0002:000049a0       getopt_long                00000001400159a0 f   zstack:getopt.obj
 0002:00004b50       file_size                  0000000140015b50 f   zstack:fsize.obj
 0002:00004c96       QueryPerformanceCounter    0000000140015c96 f   kernel32:KERNEL32.dll
 0002:00004c9c       QueryPerformanceFrequency  0000000140015c9c f   kernel32:KERNEL32.dll
 0002:00004ca2       Sleep                      0000000140015ca2 f   kernel32:KERNEL32.dll
 0002:00004ca8       GetTickCount64             0000000140015ca8 f   kernel32:KERNEL32.dll
 0002:00004cb0       _RTC_AllocaHelper          0000000140015cb0 f   MSVCRTD:stack.obj
 0002:00004d00       _RTC_CheckStackVars        0000000140015d00 f   MSVCRTD:stack.obj
 0002:00004db0       _RTC_CheckStackVars2       0000000140015db0 f   MSVCRTD:stack.obj
 0002:00004f00       _CRT_RTC_INIT              0000000140015f00 f   MSVCRTD:init.obj
 0002:00004f10       _CRT_RTC_INITW             0000000140015f10 f   MSVCRTD:init.obj
 0002:00004f20       _RTC_InitBase              0000000140015f20 f   MSVCRTD:init.obj
 0002:00004f70       _RTC_Shutdown              0000000140015f70 f   MSVCRTD:init.obj
 0002:00004fa0       __CheckForDebuggerJustMyCode 0000000140015fa0 f   MSVCRTD:debugger_jmc.obj
 0002:00004ff0       __GSHandlerCheck           0000000140015ff0 f   MSVCRTD:gshandler.obj
 0002:00005040       __GSHandlerCheckCommon     0000000140016040 f   MSVCRTD:gshandler.obj
 0002:00005190       __security_check_cookie    0000000140016190 f   MSVCRTD:amdsecgs.obj
 0002:00005510       ?configure_argv@__scrt_narrow_argv_policy@@SAHXZ 0000000140016510 f i MSVCRTD:exe_main.obj
 0002:00005530       ?initialize_environment@__scrt_narrow_environment_policy@@SAHXZ 0000000140016530 f i MSVCRTD:exe_main.obj
 0002:000055a0       ?set_app_type@__scrt_main_policy@@SAXXZ 00000001400165a0 f i MSVCRTD:exe_main.obj
 0002:000055c0       ?set_commode@__scrt_file_policy@@SAXXZ 00000001400165c0 f i MSVCRTD:exe_main.obj
 0002:000055f0       ?set_fmode@__scrt_file_policy@@SAXXZ 00000001400165f0 f i MSVCRTD:exe_main.obj
 0002:00005610       mainCRTStartup             0000000140016610 f   MSVCRTD:exe_main.obj
 0002:00005630       __raise_securityfailure    0000000140016630 f   MSVCRTD:gs_report.obj
 0002:00005680       __report_gsfailure         0000000140016680 f   MSVCRTD:gs_report.obj
 0002:00005790       __report_rangecheckfailure 0000000140016790 f   MSVCRTD:gs_report.obj
 0002:000057b0       __report_securityfailure   00000001400167b0 f   MSVCRTD:gs_report.obj
 0002:00005880       __report_securityfailureEx 0000000140016880 f   MSVCRTD:gs_report.obj
 0002:00005c30       ?_RTC_AllocaFailure@@YAXPEAXPEAU_RTC_ALLOCA_NODE@@H@Z 0000000140016c30 f   MSVCRTD:error.obj
 0002:00005de0       ?_RTC_Failure@@YAXPEAXH@Z  0000000140016de0 f   MSVCRTD:error.obj
 0002:00005e50       ?_RTC_StackFailure@@YAXPEAXPEBD@Z 0000000140016e50 f   MSVCRTD:error.obj
 0002:00006390       _RTC_UninitUse             0000000140017390 f   MSVCRTD:error.obj
 0002:00006490       _vsprintf_s_l              0000000140017490 f i MSVCRTD:error.obj
 0002:00006510       sprintf_s                  0000000140017510 f i MSVCRTD:error.obj
 0002:00006540       ?_RTC_GetErrorFunc@@YAP6AHHPEBDH00ZZPEBX@Z 0000000140017540 f   MSVCRTD:userapi.obj
 0002:00006550       ?_RTC_GetErrorFuncW@@YAP6AHHPEB_WH00ZZPEBX@Z 0000000140017550 f   MSVCRTD:userapi.obj
 0002:00006560       _RTC_GetErrDesc            0000000140017560 f   MSVCRTD:userapi.obj
 0002:00006580       _RTC_NumErrors             0000000140017580 f   MSVCRTD:userapi.obj
 0002:00006590       _RTC_SetErrorFunc          0000000140017590 f   MSVCRTD:userapi.obj
 0002:000065b0       _RTC_SetErrorFuncW         00000001400175b0 f   MSVCRTD:userapi.obj
 0002:000065d0       _RTC_SetErrorType          00000001400175d0 f   MSVCRTD:userapi.obj
 0002:000067b0       NtCurrentTeb               00000001400177b0 f i MSVCRTD:utility.obj
 0002:000067c0       __scrt_acquire_startup_lock 00000001400177c0 f   MSVCRTD:utility.obj
 0002:00006840       __scrt_dllmain_after_initialize_c 0000000140017840 f   MSVCRTD:utility.obj
 0002:00006880       __scrt_dllmain_before_initialize_c 0000000140017880 f   MSVCRTD:utility.obj
 0002:000068b0       __scrt_dllmain_crt_thread_attach 00000001400178b0 f   MSVCRTD:utility.obj
 0002:000068f0       __scrt_dllmain_crt_thread_detach 00000001400178f0 f   MSVCRTD:utility.obj
 0002:00006910       __scrt_dllmain_exception_filter 0000000140017910 f   MSVCRTD:utility.obj
 0002:00006990       __scrt_dllmain_uninitialize_c 0000000140017990 f   MSVCRTD:utility.obj
 0002:000069d0       __scrt_dllmain_uninitialize_critical 00000001400179d0 f   MSVCRTD:utility.obj
 0002:000069f0       __scrt_initialize_crt      00000001400179f0 f   MSVCRTD:utility.obj
 0002:00006a50       __scrt_initialize_onexit_tables 0000000140017a50 f   MSVCRTD:utility.obj
 0002:00006ba0       __scrt_is_nonwritable_in_current_image 0000000140017ba0 f   MSVCRTD:utility.obj
 0002:00006c50       __scrt_release_startup_lock 0000000140017c50 f   MSVCRTD:utility.obj
 0002:00006c90       __scrt_uninitialize_crt    0000000140017c90 f   MSVCRTD:utility.obj
 0002:00006ce0       _onexit                    0000000140017ce0 f   MSVCRTD:utility.obj
 0002:00006d80       at_quick_exit              0000000140017d80 f   MSVCRTD:utility.obj
 0002:00006de0       atexit                     0000000140017de0 f   MSVCRTD:utility.obj
 0002:00006f10       __security_init_cookie     0000000140017f10 f   MSVCRTD:gs_support.obj
 0002:00006fb0       _matherr                   0000000140017fb0 f   MSVCRTD:matherr.obj
 0002:00006fc0       _get_startup_argv_mode     0000000140017fc0 f   MSVCRTD:argv_mode.obj
 0002:00006fd0       _get_startup_commit_mode   0000000140017fd0 f   MSVCRTD:commit_mode.obj
 0002:00006fe0       _get_startup_file_mode     0000000140017fe0 f   MSVCRTD:file_mode.obj
 0002:00006ff0       _get_startup_new_mode      0000000140017ff0 f   MSVCRTD:new_mode.obj
 0002:00007000       _get_startup_thread_locale_mode 0000000140018000 f   MSVCRTD:thread_locale.obj
 0002:00007010       ?__scrt_initialize_type_info@@YAXXZ 0000000140018010 f   MSVCRTD:tncleanup.obj
 0002:00007030       ?__scrt_uninitialize_type_info@@YAXXZ 0000000140018030 f   MSVCRTD:tncleanup.obj
 0002:00007050       _should_initialize_environment 0000000140018050 f   MSVCRTD:env_mode.obj
 0002:00007060       _initialize_invalid_parameter_handler 0000000140018060 f   MSVCRTD:invalid_parameter_handler.obj
 0002:00007070       _initialize_denormal_control 0000000140018070 f   MSVCRTD:denormal_control.obj
 0002:00007080       __local_stdio_scanf_options 0000000140018080 f i MSVCRTD:default_local_stdio_options.obj
 0002:00007090       __scrt_initialize_default_local_stdio_options 0000000140018090 f   MSVCRTD:default_local_stdio_options.obj
 0002:000070f0       __scrt_is_user_matherr_present 00000001400180f0 f   MSVCRTD:matherr_detection.obj
 0002:00007120       __scrt_get_dyn_tls_init_callback 0000000140018120 f   MSVCRTD:dyn_tls_init.obj
 0002:00007130       __scrt_get_dyn_tls_dtor_callback 0000000140018130 f   MSVCRTD:dyn_tls_dtor.obj
 0002:00007140       __crt_debugger_hook        0000000140018140 f   MSVCRTD:utility_desktop.obj
 0002:00007160       __scrt_fastfail            0000000140018160 f   MSVCRTD:utility_desktop.obj
 0002:00007360       __scrt_get_show_window_mode 0000000140018360 f   MSVCRTD:utility_desktop.obj
 0002:000073d0       __scrt_initialize_mta      00000001400183d0 f   MSVCRTD:utility_desktop.obj
 0002:000073f0       __scrt_initialize_winrt    00000001400183f0 f   MSVCRTD:utility_desktop.obj
 0002:00007400       __scrt_is_managed_app      0000000140018400 f   MSVCRTD:utility_desktop.obj
 0002:000074d0       __scrt_set_unhandled_exception_filter 00000001400184d0 f   MSVCRTD:utility_desktop.obj
 0002:000074f0       __scrt_stub_for_initialize_mta 00000001400184f0 f   MSVCRTD:utility_desktop.obj
 0002:000074f0       __scrt_exe_initialize_mta  00000001400184f0 f   MSVCRTD:utility_desktop.obj
 0002:00007500       __scrt_unhandled_exception_filter 0000000140018500 f   MSVCRTD:utility_desktop.obj
 0002:000075c0       _RTC_Initialize            00000001400185c0 f   MSVCRTD:initsect.obj
 0002:00007620       _RTC_Terminate             0000000140018620 f   MSVCRTD:initsect.obj
 0002:00007680       _guard_check_icall_nop     0000000140018680 f i MSVCRTD:guard_support.obj
 0002:00007690       ReadNoFence64              0000000140018690 f i MSVCRTD:guard_support.obj
 0002:000076c0       ReadPointerNoFence         00000001400186c0 f i MSVCRTD:guard_support.obj
 0002:000076e0       __castguard_check_failure_debugbreak 00000001400186e0 f i MSVCRTD:guard_support.obj
 0002:00007710       __castguard_check_failure_fastfail 0000000140018710 f i MSVCRTD:guard_support.obj
 0002:00007740       __castguard_check_failure_nop 0000000140018740 f i MSVCRTD:guard_support.obj
 0002:00007750       __castguard_check_failure_os_handled 0000000140018750 f i MSVCRTD:guard_support.obj
 0002:00007840       __castguard_slow_path_check_debugbreak 0000000140018840 f i MSVCRTD:guard_support.obj
 0002:00007890       __castguard_slow_path_check_fastfail 0000000140018890 f i MSVCRTD:guard_support.obj
 0002:000078f0       __castguard_slow_path_check_nop 00000001400188f0 f i MSVCRTD:guard_support.obj
 0002:00007910       __castguard_slow_path_check_os_handled 0000000140018910 f i MSVCRTD:guard_support.obj
 0002:00007a20       _guard_icall_checks_enforced 0000000140018a20 f i MSVCRTD:guard_support.obj
 0002:00007a70       _guard_rf_checks_enforced  0000000140018a70 f i MSVCRTD:guard_support.obj
 0002:000080d0       ?_RTC_GetSrcLine@@YAHPEAEPEA_WKPEAH1K@Z 00000001400190d0 f   MSVCRTD:pdblkup.obj
 0002:00008590       __isa_available_init       0000000140019590 f   MSVCRTD:cpu_disp.obj
 0002:00008a10       __scrt_is_ucrt_dll_in_use  0000000140019a10 f   MSVCRTD:ucrt_detection.obj
 0002:00008a40       memcpy                     0000000140019a40 f   vcruntimed:VCRUNTIME140D.dll
 0002:00008a46       memset                     0000000140019a46 f   vcruntimed:VCRUNTIME140D.dll
 0002:00008a4c       __C_specific_handler       0000000140019a4c f   vcruntimed:VCRUNTIME140D.dll
 0002:00008a52       __C_specific_handler_noexcept 0000000140019a52 f   vcruntimed:VCRUNTIME140D.dll
 0002:00008a58       __std_type_info_destroy_list 0000000140019a58 f   vcruntimed:VCRUNTIME140D.dll
 0002:00008a5e       __current_exception        0000000140019a5e f   vcruntimed:VCRUNTIME140D.dll
 0002:00008a64       __current_exception_context 0000000140019a64 f   vcruntimed:VCRUNTIME140D.dll
 0002:00008a6a       __vcrt_GetModuleFileNameW  0000000140019a6a f   vcruntimed:VCRUNTIME140D.dll
 0002:00008a70       __vcrt_GetModuleHandleW    0000000140019a70 f   vcruntimed:VCRUNTIME140D.dll
 0002:00008a76       __vcrt_LoadLibraryExW      0000000140019a76 f   vcruntimed:VCRUNTIME140D.dll
 0002:00008a7c       free                       0000000140019a7c f   ucrtd:ucrtbased.dll
 0002:00008a82       malloc                     0000000140019a82 f   ucrtd:ucrtbased.dll
 0002:00008a88       __acrt_iob_func            0000000140019a88 f   ucrtd:ucrtbased.dll
 0002:00008a8e       __stdio_common_vfprintf    0000000140019a8e f   ucrtd:ucrtbased.dll
 0002:00008a94       strlen                     0000000140019a94 f   ucrtd:ucrtbased.dll
 0002:00008a9a       strncpy                    0000000140019a9a f   ucrtd:ucrtbased.dll
 0002:00008aa0       __stdio_common_vsprintf    0000000140019aa0 f   ucrtd:ucrtbased.dll
 0002:00008aa6       fclose                     0000000140019aa6 f   ucrtd:ucrtbased.dll
 0002:00008aac       ferror                     0000000140019aac f   ucrtd:ucrtbased.dll
 0002:00008ab2       fopen                      0000000140019ab2 f   ucrtd:ucrtbased.dll
 0002:00008ab8       fread                      0000000140019ab8 f   ucrtd:ucrtbased.dll
 0002:00008abe       _fseeki64                  0000000140019abe f   ucrtd:ucrtbased.dll
 0002:00008ac4       _errno                     0000000140019ac4 f   ucrtd:ucrtbased.dll
 0002:00008aca       fflush                     0000000140019aca f   ucrtd:ucrtbased.dll
 0002:00008ad0       strcmp                     0000000140019ad0 f   ucrtd:ucrtbased.dll
 0002:00008ad6       strcpy                     0000000140019ad6 f   ucrtd:ucrtbased.dll
 0002:00008adc       _localtime64               0000000140019adc f   ucrtd:ucrtbased.dll
 0002:00008ae2       _time64                    0000000140019ae2 f   ucrtd:ucrtbased.dll
 0002:00008ae8       strncmp                    0000000140019ae8 f   ucrtd:ucrtbased.dll
 0002:00008aee       getenv                     0000000140019aee f   ucrtd:ucrtbased.dll
 0002:00008af4       _ftelli64                  0000000140019af4 f   ucrtd:ucrtbased.dll
 0002:00008afa       _CrtDbgReport              0000000140019afa f   ucrtd:ucrtbased.dll
 0002:00008b00       _CrtDbgReportW             0000000140019b00 f   ucrtd:ucrtbased.dll
 0002:00008b06       _seh_filter_exe            0000000140019b06 f   ucrtd:ucrtbased.dll
 0002:00008b0c       _set_app_type              0000000140019b0c f   ucrtd:ucrtbased.dll
 0002:00008b12       __setusermatherr           0000000140019b12 f   ucrtd:ucrtbased.dll
 0002:00008b18       _configure_narrow_argv     0000000140019b18 f   ucrtd:ucrtbased.dll
 0002:00008b1e       _initialize_narrow_environment 0000000140019b1e f   ucrtd:ucrtbased.dll
 0002:00008b24       _get_initial_narrow_environment 0000000140019b24 f   ucrtd:ucrtbased.dll
 0002:00008b2a       _initterm                  0000000140019b2a f   ucrtd:ucrtbased.dll
 0002:00008b30       _initterm_e                0000000140019b30 f   ucrtd:ucrtbased.dll
 0002:00008b36       exit                       0000000140019b36 f   ucrtd:ucrtbased.dll
 0002:00008b3c       _exit                      0000000140019b3c f   ucrtd:ucrtbased.dll
 0002:00008b42       _set_fmode                 0000000140019b42 f   ucrtd:ucrtbased.dll
 0002:00008b48       __p___argc                 0000000140019b48 f   ucrtd:ucrtbased.dll
 0002:00008b4e       __p___argv                 0000000140019b4e f   ucrtd:ucrtbased.dll
 0002:00008b54       _cexit                     0000000140019b54 f   ucrtd:ucrtbased.dll
 0002:00008b5a       _c_exit                    0000000140019b5a f   ucrtd:ucrtbased.dll
 0002:00008b60       _register_thread_local_exe_atexit_callback 0000000140019b60 f   ucrtd:ucrtbased.dll
 0002:00008b66       _configthreadlocale        0000000140019b66 f   ucrtd:ucrtbased.dll
 0002:00008b6c       _set_new_mode              0000000140019b6c f   ucrtd:ucrtbased.dll
 0002:00008b72       __p__commode               0000000140019b72 f   ucrtd:ucrtbased.dll
 0002:00008b78       strcpy_s                   0000000140019b78 f   ucrtd:ucrtbased.dll
 0002:00008b7e       strcat_s                   0000000140019b7e f   ucrtd:ucrtbased.dll
 0002:00008b84       __stdio_common_vsprintf_s  0000000140019b84 f   ucrtd:ucrtbased.dll
 0002:00008b8a       _seh_filter_dll            0000000140019b8a f   ucrtd:ucrtbased.dll
 0002:00008b90       _initialize_onexit_table   0000000140019b90 f   ucrtd:ucrtbased.dll
 0002:00008b96       _register_onexit_function  0000000140019b96 f   ucrtd:ucrtbased.dll
 0002:00008b9c       _execute_onexit_table      0000000140019b9c f   ucrtd:ucrtbased.dll
 0002:00008ba2       _crt_atexit                0000000140019ba2 f   ucrtd:ucrtbased.dll
 0002:00008ba8       _crt_at_quick_exit         0000000140019ba8 f   ucrtd:ucrtbased.dll
 0002:00008bae       terminate                  0000000140019bae f   ucrtd:ucrtbased.dll
 0002:00008bb4       _wmakepath_s               0000000140019bb4 f   ucrtd:ucrtbased.dll
 0002:00008bba       _wsplitpath_s              0000000140019bba f   ucrtd:ucrtbased.dll
 0002:00008bc0       wcscpy_s                   0000000140019bc0 f   ucrtd:ucrtbased.dll
 0002:00008bc6       GetCurrentThreadId         0000000140019bc6 f   kernel32:KERNEL32.dll
 0002:00008bcc       RtlCaptureContext          0000000140019bcc f   kernel32:KERNEL32.dll
 0002:00008bd2       RtlLookupFunctionEntry     0000000140019bd2 f   kernel32:KERNEL32.dll
 0002:00008bd8       RtlVirtualUnwind           0000000140019bd8 f   kernel32:KERNEL32.dll
 0002:00008bde       UnhandledExceptionFilter   0000000140019bde f   kernel32:KERNEL32.dll
 0002:00008be4       SetUnhandledExceptionFilter 0000000140019be4 f   kernel32:KERNEL32.dll
 0002:00008bea       GetCurrentProcess          0000000140019bea f   kernel32:KERNEL32.dll
 0002:00008bf0       TerminateProcess           0000000140019bf0 f   kernel32:KERNEL32.dll
 0002:00008bf6       IsProcessorFeaturePresent  0000000140019bf6 f   kernel32:KERNEL32.dll
 0002:00008bfc       IsDebuggerPresent          0000000140019bfc f   kernel32:KERNEL32.dll
 0002:00008c02       RaiseException             0000000140019c02 f   kernel32:KERNEL32.dll
 0002:00008c08       MultiByteToWideChar        0000000140019c08 f   kernel32:KERNEL32.dll
 0002:00008c0e       WideCharToMultiByte        0000000140019c0e f   kernel32:KERNEL32.dll
 0002:00008c14       GetCurrentProcessId        0000000140019c14 f   kernel32:KERNEL32.dll
 0002:00008c1a       GetSystemTimeAsFileTime    0000000140019c1a f   kernel32:KERNEL32.dll
 0002:00008c20       InitializeSListHead        0000000140019c20 f   kernel32:KERNEL32.dll
 0002:00008c26       GetStartupInfoW            0000000140019c26 f   kernel32:KERNEL32.dll
 0002:00008c2c       GetModuleHandleW           0000000140019c2c f   kernel32:KERNEL32.dll
 0002:00008c32       GetLastError               0000000140019c32 f   kernel32:KERNEL32.dll
 0002:00008c38       HeapAlloc                  0000000140019c38 f   kernel32:KERNEL32.dll
 0002:00008c3e       HeapFree                   0000000140019c3e f   kernel32:KERNEL32.dll
 0002:00008c44       GetProcessHeap             0000000140019c44 f   kernel32:KERNEL32.dll
 0002:00008c4a       VirtualQuery               0000000140019c4a f   kernel32:KERNEL32.dll
 0002:00008c50       FreeLibrary                0000000140019c50 f   kernel32:KERNEL32.dll
 0002:00008c56       GetProcAddress             0000000140019c56 f   kernel32:KERNEL32.dll
 0002:00008c60       __vcrt_initialize          0000000140019c60 f   MSVCRTD:ucrt_stubs.obj
 0002:00008c60       __scrt_stub_for_acrt_initialize 0000000140019c60 f   MSVCRTD:ucrt_stubs.obj
 0002:00008c60       __acrt_initialize          0000000140019c60 f   MSVCRTD:ucrt_stubs.obj
 0002:00008c70       __scrt_stub_for_acrt_thread_attach 0000000140019c70 f   MSVCRTD:ucrt_stubs.obj
 0002:00008c70       __acrt_thread_attach       0000000140019c70 f   MSVCRTD:ucrt_stubs.obj
 0002:00008c70       __vcrt_thread_attach       0000000140019c70 f   MSVCRTD:ucrt_stubs.obj
 0002:00008c80       __acrt_thread_detach       0000000140019c80 f   MSVCRTD:ucrt_stubs.obj
 0002:00008c80       __vcrt_thread_detach       0000000140019c80 f   MSVCRTD:ucrt_stubs.obj
 0002:00008c80       __scrt_stub_for_acrt_thread_detach 0000000140019c80 f   MSVCRTD:ucrt_stubs.obj
 0002:00008c90       __scrt_stub_for_acrt_uninitialize 0000000140019c90 f   MSVCRTD:ucrt_stubs.obj
 0002:00008c90       __acrt_uninitialize        0000000140019c90 f   MSVCRTD:ucrt_stubs.obj
 0002:00008c90       __vcrt_uninitialize        0000000140019c90 f   MSVCRTD:ucrt_stubs.obj
 0002:00008ca0       __scrt_stub_for_acrt_uninitialize_critical 0000000140019ca0 f   MSVCRTD:ucrt_stubs.obj
 0002:00008ca0       __acrt_uninitialize_critical 0000000140019ca0 f   MSVCRTD:ucrt_stubs.obj
 0002:00008ca0       __vcrt_uninitialize_critical 0000000140019ca0 f   MSVCRTD:ucrt_stubs.obj
 0002:00008cb0       __scrt_stub_for_is_c_termination_complete 0000000140019cb0 f   MSVCRTD:ucrt_stubs.obj
 0002:00008cb0       _is_c_termination_complete 0000000140019cb0 f   MSVCRTD:ucrt_stubs.obj
 0002:00009ee0       _guard_dispatch_icall_nop  000000014001aee0 f   MSVCRTD:guard_dispatch.obj
 0002:00009f00       _guard_xfg_dispatch_icall_nop 000000014001af00 f   MSVCRTD:guard_xfg_dispatch.obj
 0003:00000000       __xc_a                     000000014001d000     MSVCRTD:initializers.obj
 0003:00000220       __xc_z                     000000014001d220     MSVCRTD:initializers.obj
 0003:00000330       __xi_a                     000000014001d330     MSVCRTD:initializers.obj
 0003:00000660       __xi_z                     000000014001d660     MSVCRTD:initializers.obj
 0003:00000770       __xp_a                     000000014001d770     MSVCRTD:initializers.obj
 0003:00000880       __xp_z                     000000014001d880     MSVCRTD:initializers.obj
 0003:00000990       __xt_a                     000000014001d990     MSVCRTD:initializers.obj
 0003:00000aa0       __xt_z                     000000014001daa0     MSVCRTD:initializers.obj
 0003:00000d40       ??_C@_0N@MHHBKGJD@malloc?5?$DN?5?$CFx?6@ 000000014001dd40     main.obj
 0003:00000d50       ??_C@_0BA@KGGFOO@file_load_test2@ 000000014001dd50     main.obj
 0003:00000d68       ??_C@_0N@DPKNNGED@buffer?5?$DN?5?$CFx?6@ 000000014001dd68     main.obj
 0003:00000d78       ??_C@_0BC@PJKAIDBP@GET?5PKT?3?5?$CFd?5?0?5?$CFd?6@ 000000014001dd78     main.obj
 0003:00000d90       ??_C@_04GHJNJNPO@main@     000000014001dd90     main.obj
 0003:00000d98       ??_C@_07CPCPJPKL@version@  000000014001dd98     param_parser.obj
 0003:00000da4       ??_C@_04PCJFHION@help@     000000014001dda4     param_parser.obj
 0003:00000dac       ??_C@_03MGHMBJCF@log@      000000014001ddac     param_parser.obj
 0003:00000ea3       ??_C@_00CNPNBAHC@@         000000014001dea3     param_parser.obj
 0003:00000ea8       ??_C@_0N@CPDDEHHA@Version?3?5?$CFs?6@ 000000014001dea8     param_parser.obj
 0003:00000eb8       ??_C@_0N@MGIEEEMN@param_parser@ 000000014001deb8     param_parser.obj
 0003:00000ec8       ??_C@_0CB@IADNNLAH@log?5config?5out?5of?5range?5?$CI0?0?5?$CFd?$CJ@ 000000014001dec8     param_parser.obj
 0003:00000ef0       ??_C@_0BM@PIMBKNDB@?$CFd?9?$CF02d?9?$CF02d_?$CF02d?9?$CF02d?9?$CF02d@ 000000014001def0     param_parser.obj
 0003:00000f20       ??_C@_0BAN@EGECJIAD@Usage?3?5FFMPEG_HelloWorld?5?$FLOPTIO@ 000000014001df20     usage.obj
 0003:00001064       ??_C@_05JBLEAKEJ@0?41?40@  000000014001e064     version.obj
 0003:00001070       ??_C@_0BA@JBDLICJD@buffer?5is?5NULL?6@ 000000014001e070     zstack:file_load.obj
 0003:00001088       ??_C@_09OEFNMKHI@file_load@ 000000014001e088     zstack:file_load.obj
 0003:00001094       ??_C@_02JDPG@rb@           000000014001e094     zstack:file_load.obj
 0003:00001098       ??_C@_0BB@PGDCODLM@fopen?5failed?5?$CFs?6@ 000000014001e098     zstack:file_load.obj
 0003:000010b0       ??_C@_0M@GJAGKCKP@errno?5?$DN?5?$CFd?6@ 000000014001e0b0     zstack:file_load.obj
 0003:000010c0       ??_C@_0BJ@PBOIEOBM@param?5shouldn?8t?5be?5NULL?6@ 000000014001e0c0     zstack:file_load.obj
 0003:000010e0       ??_C@_0BB@NLMNLFAD@file_load_simple@ 000000014001e0e0     zstack:file_load.obj
 0003:000010f8       ??_C@_0CG@MGMJEDNA@offset?5?$DO?5file?5size?0?5set?5to?5file@ 000000014001e0f8     zstack:file_load.obj
 0003:00001128       ??_C@_0BP@FPDDGPOH@file?5size?5?$DM?5length?0?5adjust?5it?6@ 000000014001e128     zstack:file_load.obj
 0003:00001150       ??_C@_0P@LEGHBOFO@malloc?5failed?6@ 000000014001e150     zstack:file_load.obj
 0003:00001170       ??_C@_0EF@GJIGKEEI@fread?5?$EA?$CFd?5failed?3?5errno?5?$DN?5?$CFd?0?5m@ 000000014001e170     zstack:file_load.obj
 0003:00001510       ??_C@_04DAMGJPCA@file@     000000014001e510     zstack:log.obj
 0003:00001518       ??_C@_0CA@JOIGGFHF@?$CFd?9?$CF02d?9?$CF02d_?$CF02d?9?$CF02d?9?$CF02d?4log@ 000000014001e518     zstack:log.obj
 0003:00001540       ??_C@_01NOFIACDB@w@        000000014001e540     zstack:log.obj
 0003:00001548       ??_C@_0O@MLJCFAFF@LOG?5FILE?3?5?$CFs?6@ 000000014001e548     zstack:log.obj
 0003:00001558       ??_C@_04CLCEDBPF@time@     000000014001e558     zstack:log.obj
 0003:00001560       ??_C@_06CHGOAPND@prefix@   000000014001e560     zstack:log.obj
 0003:00001568       ??_C@_0BK@NKNDBHFD@log?3?5enable?5default?5main?6@ 000000014001e568     zstack:log.obj
 0003:00001588       ??_C@_0BC@MALIEGMD@?$FL?$CF02d?3?$CF02d?3?$CF02d?$FN?5@ 000000014001e588     zstack:log.obj
 0003:000015a0       ??_C@_05KJDPJACP@?$FL?$CFs?$FN?5@ 000000014001e5a0     zstack:log.obj
 0003:000015a8       ??_C@_02DKCKIIND@?$CFs@    000000014001e5a8     zstack:log.obj
 0003:00001728       ??_C@_0BA@DMNGMDNL@POSIXLY_CORRECT@ 000000014001e728     zstack:getopt.obj
 0003:0000173c       ??_C@_02BAABKJLB@?9?9@     000000014001e73c     zstack:getopt.obj
 0003:00001740       ??_C@_0BO@HAHAPHIK@?$CFs?3?5option?5?$GA?$CFs?8?5is?5ambiguous?6@ 000000014001e740     zstack:getopt.obj
 0003:00001768       ??_C@_0CN@JOLJOADE@?$CFs?3?5option?5?$GA?9?9?$CFs?8?5doesn?8t?5allow@ 000000014001e768     zstack:getopt.obj
 0003:000017a0       ??_C@_0CN@CNGCPJCC@?$CFs?3?5option?5?$GA?$CFc?$CFs?8?5doesn?8t?5allow@ 000000014001e7a0     zstack:getopt.obj
 0003:000017d8       ??_C@_0CG@PLJDJCIA@?$CFs?3?5option?5?$GA?$CFs?8?5requires?5an?5arg@ 000000014001e7d8     zstack:getopt.obj
 0003:00001808       ??_C@_0CA@EHMECPBA@?$CFs?3?5unrecognized?5option?5?$GA?9?9?$CFs?8?6@ 000000014001e808     zstack:getopt.obj
 0003:00001830       ??_C@_0CA@EBHJAKGL@?$CFs?3?5unrecognized?5option?5?$GA?$CFc?$CFs?8?6@ 000000014001e830     zstack:getopt.obj
 0003:00001858       ??_C@_0BK@NLCMBLAE@?$CFs?3?5illegal?5option?5?9?9?5?$CFc?6@ 000000014001e858     zstack:getopt.obj
 0003:00001878       ??_C@_0CH@FFGNJLF@?$CFs?3?5option?5requires?5an?5argument@ 000000014001e878     zstack:getopt.obj
 0003:000018a8       ??_C@_0BA@NPBIFBLA@open?5?$CFs?5failed?6@ 000000014001e8a8     zstack:fsize.obj
 0003:000018c0       ??_C@_09CKOOOICH@file_size@ 000000014001e8c0     zstack:fsize.obj
 0003:000018d0       ??_C@_0BB@FKBPOJAG@seek?5end?5failed?6@ 000000014001e8d0     zstack:fsize.obj
 0003:000018e8       ??_C@_0BC@MJNLCMHH@ftell?5set?5failed?6@ 000000014001e8e8     zstack:fsize.obj
 0003:00001900       ??_C@_0BB@LNLFKHLG@seek?5set?5failed?6@ 000000014001e900     zstack:fsize.obj
 0003:00001a10       ??_C@_0NN@JMPELKLB@The?5value?5of?5ESP?5was?5not?5proper@ 000000014001ea10     MSVCRTD:error.obj
 0003:00001b20       ??_C@_0BBN@ELNNILBE@A?5cast?5to?5a?5smaller?5data?5type?5h@ 000000014001eb20     MSVCRTD:error.obj
 0003:00001c78       ??_C@_0BN@BPOGFMJL@Stack?5memory?5was?5corrupted?$AN?6@ 000000014001ec78     MSVCRTD:error.obj
 0003:00001ca0       ??_C@_0DG@DAJCDLPN@A?5local?5variable?5was?5used?5befor@ 000000014001eca0     MSVCRTD:error.obj
 0003:00001ce0       ??_C@_0CM@JMIDGKLA@Stack?5memory?5around?5_alloca?5was@ 000000014001ece0     MSVCRTD:error.obj
 0003:00001d18       ??_C@_0BO@CHIONIOI@Unknown?5Runtime?5Check?5Error?$AN?6@ 000000014001ed18     MSVCRTD:error.obj
 0003:00001d40       ??_C@_1GM@CNOOJIHC@?$AAR?$AAu?$AAn?$AAt?$AAi?$AAm?$AAe?$AA?5?$AAC?$AAh?$AAe?$AAc?$AAk?$AA?5?$AAE@ 000000014001ed40     MSVCRTD:error.obj
 0003:00001dd0       ??_C@_1EA@NFKNIFJP@?$AAR?$AAu?$AAn?$AA?9?$AAT?$AAi?$AAm?$AAe?$AA?5?$AAC?$AAh?$AAe?$AAc?$AAk?$AA?5@ 000000014001edd0     MSVCRTD:error.obj
 0003:00001e20       ??_C@_0BB@PFFGGCJP@Unknown?5Filename@ 000000014001ee20     MSVCRTD:error.obj
 0003:00001e38       ??_C@_0BE@GNBOBNCK@Unknown?5Module?5Name@ 000000014001ee38     MSVCRTD:error.obj
 0003:00001e50       ??_C@_0CA@IODNCDPG@Run?9Time?5Check?5Failure?5?$CD?$CFd?5?9?5?$CFs@ 000000014001ee50     MSVCRTD:error.obj
 0003:00001e78       ??_C@_0CG@IAFNJNEE@Stack?5corrupted?5near?5unknown?5va@ 000000014001ee78     MSVCRTD:error.obj
 0003:00001ea8       ??_C@_05MKKEDADM@?$CF?42X?5@ 000000014001eea8     MSVCRTD:error.obj
 0003:00001eb0       ??_C@_0EJ@LJKNEOLN@Stack?5area?5around?5_alloca?5memor@ 000000014001eeb0     MSVCRTD:error.obj
 0003:00001f08       ??_C@_01EEMJAFIK@?6@       000000014001ef08     MSVCRTD:error.obj
 0003:00001f0c       ??_C@_02LLMPMKNF@?$DO?5@   000000014001ef0c     MSVCRTD:error.obj
 0003:00001f10       ??_C@_08OMAHNMHJ@?6Data?3?5?$DM@ 000000014001ef10     MSVCRTD:error.obj
 0003:00001f20       ??_C@_0CK@DKGBICFE@?6Allocation?5number?5within?5this?5@ 000000014001ef20     MSVCRTD:error.obj
 0003:00001f58       ??_C@_07DFDJCKFN@?6Size?3?5@ 000000014001ef58     MSVCRTD:error.obj
 0003:00001f68       ??_C@_0N@MHFFIMFG@?6Address?3?50x@ 000000014001ef68     MSVCRTD:error.obj
 0003:00001f80       ??_C@_0EI@CLEPFNGI@Stack?5area?5around?5_alloca?5memor@ 000000014001ef80     MSVCRTD:error.obj
 0003:00001fd8       ??_C@_0BK@ODNDAGKB@?$CFs?$CFs?$CFp?$CFs?$CFzd?$CFs?$CFd?$CFs?$CFs?$CFs?$CFs?$CFs@ 000000014001efd8     MSVCRTD:error.obj
 0003:00001ff8       ??_C@_0DE@OHJBPMBP@A?5variable?5is?5being?5used?5withou@ 000000014001eff8     MSVCRTD:error.obj
 0003:00002068       ??_C@_0BJ@HEGAHDFO@Stack?5pointer?5corruption@ 000000014001f068     MSVCRTD:userapi.obj
 0003:00002088       ??_C@_0CK@FEGOIOPB@Cast?5to?5smaller?5type?5causing?5lo@ 000000014001f088     MSVCRTD:userapi.obj
 0003:000020c0       ??_C@_0BI@CIGMDCBH@Stack?5memory?5corruption@ 000000014001f0c0     MSVCRTD:userapi.obj
 0003:000020e0       ??_C@_0CK@CNLNOEPB@Local?5variable?5used?5before?5init@ 000000014001f0e0     MSVCRTD:userapi.obj
 0003:00002118       ??_C@_0BP@OGBCLIBO@Stack?5around?5_alloca?5corrupted@ 000000014001f118     MSVCRTD:userapi.obj
 0003:000021b0       ??_C@_1EI@MLPKHBGE@?$AAa?$AAp?$AAi?$AA?9?$AAm?$AAs?$AA?9?$AAw?$AAi?$AAn?$AA?9?$AAc?$AAo?$AAr?$AAe@ 000000014001f1b0     MSVCRTD:pdblkup.obj
 0003:00002208       ??_C@_1BK@JHLNAEJL@?$AAa?$AAd?$AAv?$AAa?$AAp?$AAi?$AA3?$AA2?$AA?4?$AAd?$AAl?$AAl@ 000000014001f208     MSVCRTD:pdblkup.obj
 0003:00002228       ??_C@_0O@COHOBMLB@RegOpenKeyExW@ 000000014001f228     MSVCRTD:pdblkup.obj
 0003:00002238       ??_C@_0BB@GLNAEDBD@RegQueryValueExW@ 000000014001f238     MSVCRTD:pdblkup.obj
 0003:00002250       ??_C@_0M@HLOHPNFA@RegCloseKey@ 000000014001f250     MSVCRTD:pdblkup.obj
 0003:00002260       ??_C@_1HE@EBEAGLFB@?$AAS?$AAO?$AAF?$AAT?$AAW?$AAA?$AAR?$AAE?$AA?2?$AAW?$AAo?$AAw?$AA6?$AA4?$AA3@ 000000014001f260     MSVCRTD:pdblkup.obj
 0003:000022f0       ??_C@_1BG@EABPBLLF@?$AAP?$AAr?$AAo?$AAd?$AAu?$AAc?$AAt?$AAD?$AAi?$AAr@ 000000014001f2f0     MSVCRTD:pdblkup.obj
 0003:00002338       ??_C@_1BC@JINFINNJ@?$AAM?$AAS?$AAP?$AAD?$AAB?$AA1?$AA4?$AA0@ 000000014001f338     MSVCRTD:pdblkup.obj
 0003:00002350       ??_C@_0BB@KCIACLNC@PDBOpenValidate5@ 000000014001f350     MSVCRTD:pdblkup.obj
 0003:00002364       ??_C@_01KDCPPGHE@r@        000000014001f364     MSVCRTD:pdblkup.obj
 0003:000023a0       _load_config_used          000000014001f3a0     MSVCRTD:loadcfg.obj
 0003:00002700       __CastGuardVftablesStart   000000014001f700     MSVCRTD:guard_support.obj
 0003:00002810       __CastGuardVftablesEnd     000000014001f810     MSVCRTD:guard_support.obj
 0003:00002ab8       __rtc_iaa                  000000014001fab8     MSVCRTD:initsect.obj
 0003:00002d50       __rtc_izz                  000000014001fd50     MSVCRTD:initsect.obj
 0003:00002e60       __rtc_taa                  000000014001fe60     MSVCRTD:initsect.obj
 0003:000030f8       __rtc_tzz                  00000001400200f8     MSVCRTD:initsect.obj
 0004:000000a0       usage                      00000001400210a0     usage.obj
 0004:000000b0       version                    00000001400210b0     version.obj
 0004:000000bc       opterr                     00000001400210bc     zstack:getopt.obj
 0004:000000c0       __security_cookie_complement 00000001400210c0     MSVCRTD:gs_cookie.obj
 0004:000000c8       __security_cookie          00000001400210c8     MSVCRTD:gs_cookie.obj
 0004:000000d8       ?_RTC_ErrorLevels@@3PAHA   00000001400210d8     MSVCRTD:error.obj
 0004:000000f0       __scrt_native_dllmain_reason 00000001400210f0     MSVCRTD:utility.obj
 0004:000000f4       __scrt_default_matherr     00000001400210f4     MSVCRTD:matherr.obj
 0004:000000f8       __isa_available            00000001400210f8     MSVCRTD:cpu_disp.obj
 0004:000000fc       __isa_enabled              00000001400210fc     MSVCRTD:cpu_disp.obj
 0004:00000100       __memcpy_nt_iters          0000000140021100     MSVCRTD:cpu_disp.obj
 0004:00000108       __memset_nt_iters          0000000140021108     MSVCRTD:cpu_disp.obj
 0004:00000120       __scrt_ucrt_dll_is_in_use  0000000140021120     MSVCRTD:ucrt_stubs.obj
 0004:00c02ba8       optarg                     0000000140c23ba8     zstack:getopt.obj
 0004:00c02bb0       optind                     0000000140c23bb0     zstack:getopt.obj
 0004:00c02bb4       optopt                     0000000140c23bb4     zstack:getopt.obj
 0004:00c03278       ?_OptionsStorage@?1??__local_stdio_printf_options@@9@4_KA 0000000140c24278     MSVCRTD:error.obj
 0004:00c032a0       __scrt_current_native_startup_state 0000000140c242a0     MSVCRTD:utility.obj
 0004:00c032a8       __scrt_native_startup_lock 0000000140c242a8     MSVCRTD:utility.obj
 0004:00c03300       ?__type_info_root_node@@3U__type_info_node@@A 0000000140c24300     MSVCRTD:tncleanup.obj
 0004:00c03318       ?_OptionsStorage@?1??__local_stdio_scanf_options@@9@4_KA 0000000140c24318     MSVCRTD:default_local_stdio_options.obj
 0004:00c03324       __scrt_debugger_hook_flag  0000000140c24324     MSVCRTD:utility_desktop.obj
 0004:00c03328       __castguard_check_failure_os_handled_fptr 0000000140c24328     MSVCRTD:guard_support.obj
 0004:00c03344       __favor                    0000000140c24344     MSVCRTD:cpu_disp.obj
 0004:00c03348       ?_OptionsStorage@?1??__local_stdio_printf_options@@9@9 0000000140c24348     <common>
 0004:00c03400       app                        0000000140c24400     <common>
 0004:00c03728       __dyn_tls_dtor_callback    0000000140c24728     <common>
 0004:00c03740       __dyn_tls_init_callback    0000000140c24740     <common>
 0004:00c03754       __DebuggerCurrentSteppingThreadId 0000000140c24754     <common>
 0006:00000000       __imp_GetProcAddress       0000000140c28000     kernel32:KERNEL32.dll
 0006:00000008       __imp_RtlCaptureContext    0000000140c28008     kernel32:KERNEL32.dll
 0006:00000010       __imp_FreeLibrary          0000000140c28010     kernel32:KERNEL32.dll
 0006:00000018       __imp_VirtualQuery         0000000140c28018     kernel32:KERNEL32.dll
 0006:00000020       __imp_GetProcessHeap       0000000140c28020     kernel32:KERNEL32.dll
 0006:00000028       __imp_HeapFree             0000000140c28028     kernel32:KERNEL32.dll
 0006:00000030       __imp_HeapAlloc            0000000140c28030     kernel32:KERNEL32.dll
 0006:00000038       __imp_GetLastError         0000000140c28038     kernel32:KERNEL32.dll
 0006:00000040       __imp_GetModuleHandleW     0000000140c28040     kernel32:KERNEL32.dll
 0006:00000048       __imp_GetStartupInfoW      0000000140c28048     kernel32:KERNEL32.dll
 0006:00000050       __imp_InitializeSListHead  0000000140c28050     kernel32:KERNEL32.dll
 0006:00000058       __imp_GetSystemTimeAsFileTime 0000000140c28058     kernel32:KERNEL32.dll
 0006:00000060       __imp_GetCurrentProcessId  0000000140c28060     kernel32:KERNEL32.dll
 0006:00000068       __imp_WideCharToMultiByte  0000000140c28068     kernel32:KERNEL32.dll
 0006:00000070       __imp_QueryPerformanceCounter 0000000140c28070     kernel32:KERNEL32.dll
 0006:00000078       __imp_QueryPerformanceFrequency 0000000140c28078     kernel32:KERNEL32.dll
 0006:00000080       __imp_Sleep                0000000140c28080     kernel32:KERNEL32.dll
 0006:00000088       __imp_GetTickCount64       0000000140c28088     kernel32:KERNEL32.dll
 0006:00000090       __imp_RtlLookupFunctionEntry 0000000140c28090     kernel32:KERNEL32.dll
 0006:00000098       __imp_RtlVirtualUnwind     0000000140c28098     kernel32:KERNEL32.dll
 0006:000000a0       __imp_UnhandledExceptionFilter 0000000140c280a0     kernel32:KERNEL32.dll
 0006:000000a8       __imp_GetCurrentThreadId   0000000140c280a8     kernel32:KERNEL32.dll
 0006:000000b0       __imp_SetUnhandledExceptionFilter 0000000140c280b0     kernel32:KERNEL32.dll
 0006:000000b8       __imp_GetCurrentProcess    0000000140c280b8     kernel32:KERNEL32.dll
 0006:000000c0       __imp_TerminateProcess     0000000140c280c0     kernel32:KERNEL32.dll
 0006:000000c8       __imp_IsProcessorFeaturePresent 0000000140c280c8     kernel32:KERNEL32.dll
 0006:000000d0       __imp_IsDebuggerPresent    0000000140c280d0     kernel32:KERNEL32.dll
 0006:000000d8       __imp_RaiseException       0000000140c280d8     kernel32:KERNEL32.dll
 0006:000000e0       __imp_MultiByteToWideChar  0000000140c280e0     kernel32:KERNEL32.dll
 0006:000000e8       \177KERNEL32_NULL_THUNK_DATA 0000000140c280e8     kernel32:KERNEL32.dll
 0006:00000168       __imp___vcrt_LoadLibraryExW 0000000140c28168     vcruntimed:VCRUNTIME140D.dll
 0006:00000170       __imp___vcrt_GetModuleHandleW 0000000140c28170     vcruntimed:VCRUNTIME140D.dll
 0006:00000178       __imp___vcrt_GetModuleFileNameW 0000000140c28178     vcruntimed:VCRUNTIME140D.dll
 0006:00000180       __imp___current_exception_context 0000000140c28180     vcruntimed:VCRUNTIME140D.dll
 0006:00000188       __imp___current_exception  0000000140c28188     vcruntimed:VCRUNTIME140D.dll
 0006:00000190       __imp___C_specific_handler 0000000140c28190     vcruntimed:VCRUNTIME140D.dll
 0006:00000198       __imp___C_specific_handler_noexcept 0000000140c28198     vcruntimed:VCRUNTIME140D.dll
 0006:000001a0       __imp_memset               0000000140c281a0     vcruntimed:VCRUNTIME140D.dll
 0006:000001a8       __imp_memcpy               0000000140c281a8     vcruntimed:VCRUNTIME140D.dll
 0006:000001b0       __imp___std_type_info_destroy_list 0000000140c281b0     vcruntimed:VCRUNTIME140D.dll
 0006:000001b8       \177VCRUNTIME140D_NULL_THUNK_DATA 0000000140c281b8     vcruntimed:VCRUNTIME140D.dll
 0006:00000220       __imp_av_log_set_level     0000000140c28220     avutil:disds00317.o
 0006:00000230       __imp_av_packet_alloc      0000000140c28230     avcodec:dmums00084.o
 0006:00000238       __imp_av_packet_free       0000000140c28238     avcodec:dmums00087.o
 0006:00000240       __imp_av_parser_close      0000000140c28240     avcodec:dmums00105.o
 0006:00000248       __imp_av_parser_init       0000000140c28248     avcodec:dmums00106.o
 0006:00000250       __imp_av_parser_parse2     0000000140c28250     avcodec:dmums00109.o
 0006:00000258       __imp_avcodec_alloc_context3 0000000140c28258     avcodec:dmums00129.o
 0006:00000260       __imp_avcodec_find_decoder 0000000140c28260     avcodec:dmums00156.o
 0006:00000268       __imp_avcodec_free_context 0000000140c28268     avcodec:dmums00161.o
 0006:00000270       __imp_avcodec_open2        0000000140c28270     avcodec:dmums00174.o
 0006:00000280       __imp__errno               0000000140c28280     ucrtd:ucrtbased.dll
 0006:00000288       __imp__configure_narrow_argv 0000000140c28288     ucrtd:ucrtbased.dll
 0006:00000290       __imp__initialize_narrow_environment 0000000140c28290     ucrtd:ucrtbased.dll
 0006:00000298       __imp__get_initial_narrow_environment 0000000140c28298     ucrtd:ucrtbased.dll
 0006:000002a0       __imp__initterm            0000000140c282a0     ucrtd:ucrtbased.dll
 0006:000002a8       __imp__initterm_e          0000000140c282a8     ucrtd:ucrtbased.dll
 0006:000002b0       __imp_exit                 0000000140c282b0     ucrtd:ucrtbased.dll
 0006:000002b8       __imp__exit                0000000140c282b8     ucrtd:ucrtbased.dll
 0006:000002c0       __imp__set_fmode           0000000140c282c0     ucrtd:ucrtbased.dll
 0006:000002c8       __imp___p___argc           0000000140c282c8     ucrtd:ucrtbased.dll
 0006:000002d0       __imp___p___argv           0000000140c282d0     ucrtd:ucrtbased.dll
 0006:000002d8       __imp__cexit               0000000140c282d8     ucrtd:ucrtbased.dll
 0006:000002e0       __imp__c_exit              0000000140c282e0     ucrtd:ucrtbased.dll
 0006:000002e8       __imp__register_thread_local_exe_atexit_callback 0000000140c282e8     ucrtd:ucrtbased.dll
 0006:000002f0       __imp__configthreadlocale  0000000140c282f0     ucrtd:ucrtbased.dll
 0006:000002f8       __imp__set_new_mode        0000000140c282f8     ucrtd:ucrtbased.dll
 0006:00000300       __imp___p__commode         0000000140c28300     ucrtd:ucrtbased.dll
 0006:00000308       __imp_strcpy_s             0000000140c28308     ucrtd:ucrtbased.dll
 0006:00000310       __imp_strcat_s             0000000140c28310     ucrtd:ucrtbased.dll
 0006:00000318       __imp___stdio_common_vsprintf_s 0000000140c28318     ucrtd:ucrtbased.dll
 0006:00000320       __imp__localtime64         0000000140c28320     ucrtd:ucrtbased.dll
 0006:00000328       __imp__CrtDbgReport        0000000140c28328     ucrtd:ucrtbased.dll
 0006:00000330       __imp__register_onexit_function 0000000140c28330     ucrtd:ucrtbased.dll
 0006:00000338       __imp__seh_filter_exe      0000000140c28338     ucrtd:ucrtbased.dll
 0006:00000340       __imp__crt_atexit          0000000140c28340     ucrtd:ucrtbased.dll
 0006:00000348       __imp__crt_at_quick_exit   0000000140c28348     ucrtd:ucrtbased.dll
 0006:00000350       __imp_terminate            0000000140c28350     ucrtd:ucrtbased.dll
 0006:00000358       __imp__wmakepath_s         0000000140c28358     ucrtd:ucrtbased.dll
 0006:00000360       __imp__wsplitpath_s        0000000140c28360     ucrtd:ucrtbased.dll
 0006:00000368       __imp_wcscpy_s             0000000140c28368     ucrtd:ucrtbased.dll
 0006:00000370       __imp_strcpy               0000000140c28370     ucrtd:ucrtbased.dll
 0006:00000378       __imp__fseeki64            0000000140c28378     ucrtd:ucrtbased.dll
 0006:00000380       __imp_fread                0000000140c28380     ucrtd:ucrtbased.dll
 0006:00000388       __imp_fopen                0000000140c28388     ucrtd:ucrtbased.dll
 0006:00000390       __imp_ferror               0000000140c28390     ucrtd:ucrtbased.dll
 0006:00000398       __imp_fclose               0000000140c28398     ucrtd:ucrtbased.dll
 0006:000003a0       __imp___stdio_common_vsprintf 0000000140c283a0     ucrtd:ucrtbased.dll
 0006:000003a8       __imp_strncpy              0000000140c283a8     ucrtd:ucrtbased.dll
 0006:000003b0       __imp_strlen               0000000140c283b0     ucrtd:ucrtbased.dll
 0006:000003b8       __imp___stdio_common_vfprintf 0000000140c283b8     ucrtd:ucrtbased.dll
 0006:000003c0       __imp___acrt_iob_func      0000000140c283c0     ucrtd:ucrtbased.dll
 0006:000003c8       __imp_malloc               0000000140c283c8     ucrtd:ucrtbased.dll
 0006:000003d0       __imp_free                 0000000140c283d0     ucrtd:ucrtbased.dll
 0006:000003d8       __imp__set_app_type        0000000140c283d8     ucrtd:ucrtbased.dll
 0006:000003e0       __imp_strcmp               0000000140c283e0     ucrtd:ucrtbased.dll
 0006:000003e8       __imp__ftelli64            0000000140c283e8     ucrtd:ucrtbased.dll
 0006:000003f0       __imp_getenv               0000000140c283f0     ucrtd:ucrtbased.dll
 0006:000003f8       __imp_strncmp              0000000140c283f8     ucrtd:ucrtbased.dll
 0006:00000400       __imp__execute_onexit_table 0000000140c28400     ucrtd:ucrtbased.dll
 0006:00000408       __imp__CrtDbgReportW       0000000140c28408     ucrtd:ucrtbased.dll
 0006:00000410       __imp__initialize_onexit_table 0000000140c28410     ucrtd:ucrtbased.dll
 0006:00000418       __imp__time64              0000000140c28418     ucrtd:ucrtbased.dll
 0006:00000420       __imp__seh_filter_dll      0000000140c28420     ucrtd:ucrtbased.dll
 0006:00000428       __imp_fflush               0000000140c28428     ucrtd:ucrtbased.dll
 0006:00000430       __imp___setusermatherr     0000000140c28430     ucrtd:ucrtbased.dll
 0006:00000438       \177ucrtbased_NULL_THUNK_DATA 0000000140c28438     ucrtd:ucrtbased.dll
 0006:000004f8       _head_libavutil_avutil_lib 0000000140c284f8     avutil:disdh.o
 0006:0000050c       _head_libavcodec_avcodec_lib 0000000140c2850c     avcodec:dmumh.o
 0006:00000520       __IMPORT_DESCRIPTOR_KERNEL32 0000000140c28520     kernel32:KERNEL32.dll
 0006:00000534       __IMPORT_DESCRIPTOR_VCRUNTIME140D 0000000140c28534     vcruntimed:VCRUNTIME140D.dll
 0006:00000548       __IMPORT_DESCRIPTOR_ucrtbased 0000000140c28548     ucrtd:ucrtbased.dll
 0006:0000055c       __NULL_IMPORT_DESCRIPTOR   0000000140c2855c     kernel32:KERNEL32.dll
 0006:000013d8       __libavutil_avutil_lib_iname 0000000140c293d8     avutil:disdt.o
 0006:0000140c       __libavcodec_avcodec_lib_iname 0000000140c2940c     avcodec:dmumt.o
 0008:00000000       __guard_check_icall_fptr   0000000140c2b000     MSVCRTD:guard_support.obj
 0008:00000010       __guard_xfg_check_icall_fptr 0000000140c2b010     MSVCRTD:guard_support.obj
 0008:00000020       __guard_dispatch_icall_fptr 0000000140c2b020     MSVCRTD:guard_support.obj
 0008:00000030       __guard_xfg_dispatch_icall_fptr 0000000140c2b030     MSVCRTD:guard_support.obj
 0008:00000040       __guard_xfg_table_dispatch_icall_fptr 0000000140c2b040     MSVCRTD:guard_support.obj

 entry point at        0002:000002ee

 Static symbols

 0000:ff3d5000       _volmd                     0000000140000000     main.obj
 0000:ff3d5000       _volmd                     0000000140000000     main.obj
 0003:fffe3000       $unwind$__local_stdio_printf_options 0000000140000000     param_parser.obj
 0000:ff3d5000       _volmd                     0000000140000000     param_parser.obj
 0000:ff3d5000       _volmd                     0000000140000000     param_parser.obj
 0003:fffe3000       $unwind$__local_stdio_printf_options 0000000140000000     zstack:fsize.obj
 0003:fffe3000       $unwind$_vfprintf_l        0000000140000000     zstack:fsize.obj
 0003:fffe3000       $unwind$printf             0000000140000000     zstack:fsize.obj
 0000:ff3d5000       _volmd                     0000000140000000     zstack:fsize.obj
 0003:fffe3000       printf$rtcName$0           0000000140000000     zstack:fsize.obj
 0003:fffe3000       $unwind$__local_stdio_printf_options 0000000140000000     zstack:getopt.obj
 0003:fffe3000       $unwind$_vfprintf_l        0000000140000000     zstack:getopt.obj
 0003:fffe3000       $unwind$fprintf            0000000140000000     zstack:getopt.obj
 0000:ff3d5000       _volmd                     0000000140000000     zstack:getopt.obj
 0003:fffe3000       fprintf$rtcName$0          0000000140000000     zstack:getopt.obj
 0003:fffe3000       $unwind$__local_stdio_printf_options 0000000140000000     zstack:log.obj
 0003:fffe3000       $unwind$_vfprintf_l        0000000140000000     zstack:log.obj
 0003:fffe3000       $unwind$printf             0000000140000000     zstack:log.obj
 0003:fffe3000       $unwind$snprintf           0000000140000000     zstack:log.obj
 0003:fffe3000       $unwind$vsnprintf          0000000140000000     zstack:log.obj
 0000:ff3d5000       _volmd                     0000000140000000     zstack:log.obj
 0000:ff3d5000       _volmd                     0000000140000000     zstack:log.obj
 0000:ff3d5000       _volmd                     0000000140000000     zstack:log.obj
 0000:ff3d5000       _volmd                     0000000140000000     zstack:log.obj
 0000:ff3d5000       _volmd                     0000000140000000     zstack:log.obj
 0000:ff3d5000       _volmd                     0000000140000000     zstack:log.obj
 0003:fffe3000       printf$rtcName$0           0000000140000000     zstack:log.obj
 0003:fffe3000       snprintf$rtcName$0         0000000140000000     zstack:log.obj
 0003:fffe3000       $unwind$__local_stdio_printf_options 0000000140000000     zstack:print_usage.obj
 0003:fffe3000       $unwind$_vfprintf_l        0000000140000000     zstack:print_usage.obj
 0003:fffe3000       $unwind$printf             0000000140000000     zstack:print_usage.obj
 0000:ff3d5000       _volmd                     0000000140000000     zstack:print_usage.obj
 0003:fffe3000       printf$rtcName$0           0000000140000000     zstack:print_usage.obj
 0000:ff3d5000       _volmd                     0000000140000000     zstack:time.obj
 0000:ff3d5000       _volmd                     0000000140000000     zstack:time.obj
 0000:ff3d5000       _volmd                     0000000140000000     zstack:time.obj
 0000:ff3d5000       _volmd                     0000000140000000     MSVCRTD:cpu_disp.obj
 0000:ff3d6000       __guard_ehcont_?notify_debugger@@YAXAEBUtagEXCEPTION_VISUALCPP_DEBUG_INFO@@@Z 0000000140000000     MSVCRTD:error.obj
 0000:ff3d6000       __guard_ehcont_?__scrt_common_main_seh@@YAHXZ 0000000140000000     MSVCRTD:exe_main.obj
 0000:ff3d6000       __guard_fids_?pre_c_initialization@@YAHXZ 0000000140000000     MSVCRTD:exe_main.obj
 0000:ff3d6000       __guard_fids__             0000000140000000     MSVCRTD:exe_main.obj
 0000:ff3d5000       _volmd                     0000000140000000     MSVCRTD:gs_report.obj
 0000:ff3d5000       _volmd                     0000000140000000     MSVCRTD:gs_report.obj
 0000:ff3d5000       _volmd                     0000000140000000     MSVCRTD:gs_report.obj
 0000:ff3d6000       __guard_fids__             0000000140000000     MSVCRTD:guard_support.obj
 0000:ff3d6000       __guard_fids__             0000000140000000     MSVCRTD:guard_support.obj
 0000:ff3d6000       __guard_fids__guard_icall_checks_enforced 0000000140000000     MSVCRTD:guard_support.obj
 0000:ff3d5000       _volmd                     0000000140000000     MSVCRTD:guard_support.obj
 0000:ff3d5000       _volmd                     0000000140000000     MSVCRTD:guard_support.obj
 0000:ff3d5000       _volmd                     0000000140000000     MSVCRTD:guard_support.obj
 0000:ff3d6000       __guard_fids__CRT_RTC_INIT 0000000140000000     MSVCRTD:init.obj
 0000:ff3d6000       __guard_fids__CRT_RTC_INITW 0000000140000000     MSVCRTD:init.obj
 0003:fffe3000       $unwind$?configure_argv@__scrt_narrow_argv_policy@@SAHXZ 0000000140000000     MSVCRTD:utility.obj
 0003:fffe3000       $unwind$?initialize_environment@__scrt_narrow_environment_policy@@SAHXZ 0000000140000000     MSVCRTD:utility.obj
 0000:ff3d6000       __guard_ehcont___scrt_is_nonwritable_in_current_image 0000000140000000     MSVCRTD:utility.obj
 0000:ff3d5000       _volmd                     0000000140000000     MSVCRTD:utility.obj
 0000:ff3d5000       _volmd                     0000000140000000     MSVCRTD:utility.obj
 0000:ff3d5000       _volmd                     0000000140000000     MSVCRTD:utility.obj
 0000:ff3d6000       __guard_fids___scrt_set_unhandled_exception_filter 0000000140000000     MSVCRTD:utility_desktop.obj
 0000:ff3d5000       _volmd                     0000000140000000     MSVCRTD:utility_desktop.obj
 0000:ff3d2000       .debug$S                   0000000140000000     vcruntimed:VCRUNTIME140D.dll
 0000:ff3d2000       .debug$S                   0000000140000000     vcruntimed:VCRUNTIME140D.dll
 0000:ff3d2000       .debug$S                   0000000140000000     vcruntimed:VCRUNTIME140D.dll
 0000:ff3d2000       .debug$S                   0000000140000000     vcruntimed:VCRUNTIME140D.dll
 0000:ff3d2000       .debug$S                   0000000140000000     vcruntimed:VCRUNTIME140D.dll
 0000:ff3d2000       .debug$S                   0000000140000000     vcruntimed:VCRUNTIME140D.dll
 0000:ff3d2000       .debug$S                   0000000140000000     vcruntimed:VCRUNTIME140D.dll
 0000:ff3d2000       .debug$S                   0000000140000000     vcruntimed:VCRUNTIME140D.dll
 0000:ff3d2000       .debug$S                   0000000140000000     vcruntimed:VCRUNTIME140D.dll
 0000:ff3d2000       .debug$S                   0000000140000000     vcruntimed:VCRUNTIME140D.dll
 0000:ff3d2000       .debug$S                   0000000140000000     ucrtd:ucrtbased.dll
 0000:ff3d2000       .debug$S                   0000000140000000     ucrtd:ucrtbased.dll
 0000:ff3d2000       .debug$S                   0000000140000000     ucrtd:ucrtbased.dll
 0000:ff3d2000       .debug$S                   0000000140000000     ucrtd:ucrtbased.dll
 0000:ff3d2000       .debug$S                   0000000140000000     ucrtd:ucrtbased.dll
 0000:ff3d2000       .debug$S                   0000000140000000     ucrtd:ucrtbased.dll
 0000:ff3d2000       .debug$S                   0000000140000000     ucrtd:ucrtbased.dll
 0000:ff3d2000       .debug$S                   0000000140000000     ucrtd:ucrtbased.dll
 0000:ff3d2000       .debug$S                   0000000140000000     ucrtd:ucrtbased.dll
 0000:ff3d2000       .debug$S                   0000000140000000     ucrtd:ucrtbased.dll
 0000:ff3d2000       .debug$S                   0000000140000000     ucrtd:ucrtbased.dll
 0000:ff3d2000       .debug$S                   0000000140000000     ucrtd:ucrtbased.dll
 0000:ff3d2000       .debug$S                   0000000140000000     ucrtd:ucrtbased.dll
 0000:ff3d2000       .debug$S                   0000000140000000     ucrtd:ucrtbased.dll
 0000:ff3d2000       .debug$S                   0000000140000000     ucrtd:ucrtbased.dll
 0000:ff3d2000       .debug$S                   0000000140000000     ucrtd:ucrtbased.dll
 0000:ff3d2000       .debug$S                   0000000140000000     ucrtd:ucrtbased.dll
 0000:ff3d2000       .debug$S                   0000000140000000     ucrtd:ucrtbased.dll
 0000:ff3d2000       .debug$S                   0000000140000000     ucrtd:ucrtbased.dll
 0000:ff3d2000       .debug$S                   0000000140000000     ucrtd:ucrtbased.dll
 0000:ff3d2000       .debug$S                   0000000140000000     ucrtd:ucrtbased.dll
 0000:ff3d2000       .debug$S                   0000000140000000     ucrtd:ucrtbased.dll
 0000:ff3d2000       .debug$S                   0000000140000000     ucrtd:ucrtbased.dll
 0000:ff3d2000       .debug$S                   0000000140000000     ucrtd:ucrtbased.dll
 0000:ff3d2000       .debug$S                   0000000140000000     ucrtd:ucrtbased.dll
 0000:ff3d2000       .debug$S                   0000000140000000     ucrtd:ucrtbased.dll
 0000:ff3d2000       .debug$S                   0000000140000000     ucrtd:ucrtbased.dll
 0000:ff3d2000       .debug$S                   0000000140000000     ucrtd:ucrtbased.dll
 0000:ff3d2000       .debug$S                   0000000140000000     ucrtd:ucrtbased.dll
 0000:ff3d2000       .debug$S                   0000000140000000     ucrtd:ucrtbased.dll
 0000:ff3d2000       .debug$S                   0000000140000000     ucrtd:ucrtbased.dll
 0000:ff3d2000       .debug$S                   0000000140000000     ucrtd:ucrtbased.dll
 0000:ff3d2000       .debug$S                   0000000140000000     ucrtd:ucrtbased.dll
 0000:ff3d2000       .debug$S                   0000000140000000     ucrtd:ucrtbased.dll
 0000:ff3d2000       .debug$S                   0000000140000000     ucrtd:ucrtbased.dll
 0000:ff3d2000       .debug$S                   0000000140000000     ucrtd:ucrtbased.dll
 0000:ff3d2000       .debug$S                   0000000140000000     ucrtd:ucrtbased.dll
 0000:ff3d2000       .debug$S                   0000000140000000     ucrtd:ucrtbased.dll
 0000:ff3d2000       .debug$S                   0000000140000000     ucrtd:ucrtbased.dll
 0000:ff3d2000       .debug$S                   0000000140000000     ucrtd:ucrtbased.dll
 0000:ff3d2000       .debug$S                   0000000140000000     ucrtd:ucrtbased.dll
 0000:ff3d2000       .debug$S                   0000000140000000     ucrtd:ucrtbased.dll
 0000:ff3d2000       .debug$S                   0000000140000000     ucrtd:ucrtbased.dll
 0000:ff3d2000       .debug$S                   0000000140000000     ucrtd:ucrtbased.dll
 0000:ff3d2000       .debug$S                   0000000140000000     ucrtd:ucrtbased.dll
 0000:ff3d2000       .debug$S                   0000000140000000     ucrtd:ucrtbased.dll
 0000:ff3d2000       .debug$S                   0000000140000000     ucrtd:ucrtbased.dll
 0000:ff3d2000       .debug$S                   0000000140000000     ucrtd:ucrtbased.dll
 0000:ff3d2000       .debug$S                   0000000140000000     ucrtd:ucrtbased.dll
 0000:ff3d2000       .debug$S                   0000000140000000     ucrtd:ucrtbased.dll
 0000:ff3d2000       .debug$S                   0000000140000000     ucrtd:ucrtbased.dll
 0000:ff3d2000       .debug$S                   0000000140000000     ucrtd:ucrtbased.dll
 0000:ff3d2000       .debug$S                   0000000140000000     ucrtd:ucrtbased.dll
 0000:ff3d2000       .debug$S                   0000000140000000     ucrtd:ucrtbased.dll
 0000:ff3d2000       .debug$S                   0000000140000000     ucrtd:ucrtbased.dll
 0000:ff3d2000       .debug$S                   0000000140000000     kernel32:KERNEL32.dll
 0000:ff3d2000       .debug$S                   0000000140000000     kernel32:KERNEL32.dll
 0000:ff3d2000       .debug$S                   0000000140000000     kernel32:KERNEL32.dll
 0000:ff3d2000       .debug$S                   0000000140000000     kernel32:KERNEL32.dll
 0000:ff3d2000       .debug$S                   0000000140000000     kernel32:KERNEL32.dll
 0000:ff3d2000       .debug$S                   0000000140000000     kernel32:KERNEL32.dll
 0000:ff3d2000       .debug$S                   0000000140000000     kernel32:KERNEL32.dll
 0000:ff3d2000       .debug$S                   0000000140000000     kernel32:KERNEL32.dll
 0000:ff3d2000       .debug$S                   0000000140000000     kernel32:KERNEL32.dll
 0000:ff3d2000       .debug$S                   0000000140000000     kernel32:KERNEL32.dll
 0000:ff3d2000       .debug$S                   0000000140000000     kernel32:KERNEL32.dll
 0000:ff3d2000       .debug$S                   0000000140000000     kernel32:KERNEL32.dll
 0000:ff3d2000       .debug$S                   0000000140000000     kernel32:KERNEL32.dll
 0000:ff3d2000       .debug$S                   0000000140000000     kernel32:KERNEL32.dll
 0000:ff3d2000       .debug$S                   0000000140000000     kernel32:KERNEL32.dll
 0000:ff3d2000       .debug$S                   0000000140000000     kernel32:KERNEL32.dll
 0000:ff3d2000       .debug$S                   0000000140000000     kernel32:KERNEL32.dll
 0000:ff3d2000       .debug$S                   0000000140000000     kernel32:KERNEL32.dll
 0000:ff3d2000       .debug$S                   0000000140000000     kernel32:KERNEL32.dll
 0000:ff3d2000       .debug$S                   0000000140000000     kernel32:KERNEL32.dll
 0000:ff3d2000       .debug$S                   0000000140000000     kernel32:KERNEL32.dll
 0000:ff3d2000       .debug$S                   0000000140000000     kernel32:KERNEL32.dll
 0000:ff3d2000       .debug$S                   0000000140000000     kernel32:KERNEL32.dll
 0000:ff3d2000       .debug$S                   0000000140000000     kernel32:KERNEL32.dll
 0000:ff3d2000       .debug$S                   0000000140000000     kernel32:KERNEL32.dll
 0000:ff3d2000       .debug$S                   0000000140000000     kernel32:KERNEL32.dll
 0000:ff3d2000       .debug$S                   0000000140000000     kernel32:KERNEL32.dll
 0000:ff3d2000       .debug$S                   0000000140000000     kernel32:KERNEL32.dll
 0000:ff3d2000       .debug$S                   0000000140000000     kernel32:KERNEL32.dll
 0000:ff3d6004       __guard_fids__             0000000140000004     MSVCRTD:exe_main.obj
 0000:ff3d6008       __guard_fids__             0000000140000008     MSVCRTD:exe_main.obj
 0003:fffe3010       printf$rtcVarDesc          0000000140000010     zstack:fsize.obj
 0003:fffe3010       fprintf$rtcVarDesc         0000000140000010     zstack:getopt.obj
 0003:fffe3010       printf$rtcVarDesc          0000000140000010     zstack:log.obj
 0003:fffe3010       snprintf$rtcVarDesc        0000000140000010     zstack:log.obj
 0003:fffe3010       printf$rtcVarDesc          0000000140000010     zstack:print_usage.obj
 0003:fffe3050       printf$rtcFrameData        0000000140000050     zstack:fsize.obj
 0003:fffe3050       fprintf$rtcFrameData       0000000140000050     zstack:getopt.obj
 0003:fffe3050       printf$rtcFrameData        0000000140000050     zstack:log.obj
 0003:fffe3050       snprintf$rtcFrameData      0000000140000050     zstack:log.obj
 0003:fffe3050       printf$rtcFrameData        0000000140000050     zstack:print_usage.obj
 0002:0000092c       .text                      000000014001192c     avutil:disds00317.o
 0002:00000940       .text                      0000000140011940     avcodec:dmums00084.o
 0002:0000094c       .text                      000000014001194c     avcodec:dmums00087.o
 0002:00000958       .text                      0000000140011958     avcodec:dmums00156.o
 0002:00000964       .text                      0000000140011964     avcodec:dmums00129.o
 0002:00000970       .text                      0000000140011970     avcodec:dmums00161.o
 0002:0000097c       .text                      000000014001197c     avcodec:dmums00174.o
 0002:00000988       .text                      0000000140011988     avcodec:dmums00106.o
 0002:00000994       .text                      0000000140011994     avcodec:dmums00109.o
 0002:000009a0       .text                      00000001400119a0     avcodec:dmums00105.o
 0002:00002ce0       add_to_log_mask            0000000140013ce0 f   zstack:log.obj
 0002:00003230       module_match               0000000140014230 f   zstack:log.obj
 0002:00003600       localtime                  0000000140014600 f   zstack:time.obj
 0002:00003650       time                       0000000140014650 f   zstack:time.obj
 0002:000046f0       exchange                   00000001400156f0 f   zstack:getopt.obj
 0002:00004a30       my_index                   0000000140015a30 f   zstack:getopt.obj
 0002:00004ac0       my_strlen                  0000000140015ac0 f   zstack:getopt.obj
 0002:00005180       $$000000                   0000000140016180     MSVCRTD:amdsecgs.obj
 0002:000051c0       ?pre_c_initialization@@YAHXZ 00000001400161c0 f   MSVCRTD:exe_main.obj
 0002:000052a0       ?post_pgo_initialization@@YAHXZ 00000001400162a0 f   MSVCRTD:exe_main.obj
 0002:000052c0       ?pre_cpp_initialization@@YAXXZ 00000001400162c0 f   MSVCRTD:exe_main.obj
 0002:000052e0       ?__scrt_common_main@@YAHXZ 00000001400162e0 f   MSVCRTD:exe_main.obj
 0002:00005300       ?__scrt_common_main_seh@@YAHXZ 0000000140016300 f   MSVCRTD:exe_main.obj
 0002:00005550       ?invoke_main@@YAHXZ        0000000140016550 f   MSVCRTD:exe_main.obj
 0002:000059e0       capture_current_context    00000001400169e0 f   MSVCRTD:gs_report.obj
 0002:00005aa0       capture_previous_context   0000000140016aa0 f   MSVCRTD:gs_report.obj
 0002:00005b80       ?DebuggerProbe@@YA_NK@Z    0000000140016b80 f   MSVCRTD:error.obj
 0002:00005bd0       ?DebuggerRuntime@@YA_NKHPEAXPEB_W@Z 0000000140016bd0 f   MSVCRTD:error.obj
 0002:00005f60       ?_getMemBlockDataString@@YAXPEAD0PEBD_K@Z 0000000140016f60 f   MSVCRTD:error.obj
 0002:00006040       ?_strlen_priv@@YA_KPEBD@Z  0000000140017040 f   MSVCRTD:error.obj
 0002:00006060       ?failwithmessage@@YAXPEAXHHPEBD@Z 0000000140017060 f   MSVCRTD:error.obj
 0002:00006360       ?notify_debugger@@YAXAEBUtagEXCEPTION_VISUALCPP_DEBUG_INFO@@@Z 0000000140017360 f   MSVCRTD:error.obj
 0002:00006600       ?find_pe_section@@YAPEAU_IMAGE_SECTION_HEADER@@QEAE_K@Z 0000000140017600 f   MSVCRTD:utility.obj
 0002:00006700       ?is_potentially_valid_image_base@@YA_NQEAX@Z 0000000140017700 f   MSVCRTD:utility.obj
 0002:00006e20       __get_entropy              0000000140017e20 f   MSVCRTD:gs_support.obj
 0002:000077b0       __castguard_compat_check   00000001400187b0 f   MSVCRTD:guard_support.obj
 0002:00007990       __castguard_slow_path_compat_check 0000000140018990 f   MSVCRTD:guard_support.obj
 0002:00007a80       ?GetPdbDll@@YAPEAUHINSTANCE__@@XZ 0000000140018a80 f   MSVCRTD:pdblkup.obj
 0002:00007c20       ?GetPdbDllFromInstallPath@@YAPEAUHINSTANCE__@@XZ 0000000140018c20 f   MSVCRTD:pdblkup.obj
 0002:00007f80       ?GetPdbDllPathFromFilePath@@YAHPEB_WPEA_W_K@Z 0000000140018f80 f   MSVCRTD:pdblkup.obj
 0002:00009ed0       $$000000                   000000014001aed0     MSVCRTD:guard_dispatch.obj
 0002:00009ef0       $$000000                   000000014001aef0     MSVCRTD:guard_xfg_dispatch.obj
 0002:0000af10       ?filt$0@?0??__scrt_common_main_seh@@YAHXZ@4HA 000000014001bf10 f   MSVCRTD:exe_main.obj
 0002:0000af50       ?filt$0@?0??notify_debugger@@YAXAEBUtagEXCEPTION_VISUALCPP_DEBUG_INFO@@@Z@4HA 000000014001bf50 f   MSVCRTD:error.obj
 0002:0000af80       __scrt_is_nonwritable_in_current_image$filt$0 000000014001bf80 f   MSVCRTD:utility.obj
 0003:00000110       ?pre_cpp_initializer@@3P6AXXZEA 000000014001d110     MSVCRTD:exe_main.obj
 0003:00000440       ?pre_c_initializer@@3P6AHXZEA 000000014001d440     MSVCRTD:exe_main.obj
 0003:00000550       ?post_pgo_initializer@@3P6AHXZEA 000000014001d550     MSVCRTD:exe_main.obj
 0003:00000bb0       printf$rtcName$0           000000014001dbb0     main.obj
 0003:00000bc0       printf$rtcVarDesc          000000014001dbc0     main.obj
 0003:00000c00       printf$rtcFrameData        000000014001dc00     main.obj
 0003:00000c30       main$rtcName$0             000000014001dc30     main.obj
 0003:00000c34       main$rtcName$1             000000014001dc34     main.obj
 0003:00000c38       main$rtcName$2             000000014001dc38     main.obj
 0003:00000c40       main$rtcVarDesc            000000014001dc40     main.obj
 0003:00000d00       main$rtcFrameData          000000014001dd00     main.obj
 0003:00000db0       snprintf$rtcName$0         000000014001ddb0     param_parser.obj
 0003:00000dc0       snprintf$rtcVarDesc        000000014001ddc0     param_parser.obj
 0003:00000e00       snprintf$rtcFrameData      000000014001de00     param_parser.obj
 0003:00000e30       param_parser$rtcName$0     000000014001de30     param_parser.obj
 0003:00000e40       param_parser$rtcVarDesc    000000014001de40     param_parser.obj
 0003:00000e80       param_parser$rtcFrameData  000000014001de80     param_parser.obj
 0003:000011d0       fprintf$rtcName$0          000000014001e1d0     zstack:log.obj
 0003:000011e0       fprintf$rtcVarDesc         000000014001e1e0     zstack:log.obj
 0003:00001220       fprintf$rtcFrameData       000000014001e220     zstack:log.obj
 0003:00001250       log_init$rtcName$0         000000014001e250     zstack:log.obj
 0003:00001260       log_init$rtcVarDesc        000000014001e260     zstack:log.obj
 0003:000012a0       log_init$rtcFrameData      000000014001e2a0     zstack:log.obj
 0003:000012d0       _log$rtcName$0             000000014001e2d0     zstack:log.obj
 0003:000012d8       _log$rtcName$1             000000014001e2d8     zstack:log.obj
 0003:000012dc       _log$rtcName$2             000000014001e2dc     zstack:log.obj
 0003:000012e8       _log$rtcFrameData          000000014001e2e8     zstack:log.obj
 0003:00001300       _log$rtcVarDesc            000000014001e300     zstack:log.obj
 0003:000013f0       add_to_log_mask$rtcName$0  000000014001e3f0     zstack:log.obj
 0003:000013f8       add_to_log_mask$rtcName$1  000000014001e3f8     zstack:log.obj
 0003:00001404       add_to_log_mask$rtcName$2  000000014001e404     zstack:log.obj
 0003:00001410       add_to_log_mask$rtcVarDesc 000000014001e410     zstack:log.obj
 0003:000014d0       add_to_log_mask$rtcFrameData 000000014001e4d0     zstack:log.obj
 0003:000015b0       get_time$rtcName$0         000000014001e5b0     zstack:time.obj
 0003:000015c0       get_time$rtcVarDesc        000000014001e5c0     zstack:time.obj
 0003:00001600       get_time$rtcFrameData      000000014001e600     zstack:time.obj
 0003:00001630       hr_timer_freq$rtcName$0    000000014001e630     zstack:time.obj
 0003:00001640       hr_timer_freq$rtcVarDesc   000000014001e640     zstack:time.obj
 0003:00001680       hr_timer_freq$rtcFrameData 000000014001e680     zstack:time.obj
 0003:000016b0       hr_timer_counter$rtcName$0 000000014001e6b0     zstack:time.obj
 0003:000016c0       hr_timer_counter$rtcVarDesc 000000014001e6c0     zstack:time.obj
 0003:00001700       hr_timer_counter$rtcFrameData 000000014001e700     zstack:time.obj
 0003:00001918       GS_ExceptionPointers       000000014001e918     MSVCRTD:gs_report.obj
 0003:00001930       ?_RTC_ErrorMessages@@3QBQEBDB 000000014001e930     MSVCRTD:error.obj
 0003:00001960       ?_RTC_NoFalsePositives@@3QBHB 000000014001e960     MSVCRTD:error.obj
 0003:00001978       ?stack_premsg@@3QBDB       000000014001e978     MSVCRTD:error.obj
 0003:00001998       ?stack_postmsg@@3QBDB      000000014001e998     MSVCRTD:error.obj
 0003:000019b0       ?uninit_premsg@@3QBDB      000000014001e9b0     MSVCRTD:error.obj
 0003:000019c0       ?uninit_postmsg@@3QBDB     000000014001e9c0     MSVCRTD:error.obj
 0003:00002038       ?_RTC_errlist@@3QBQEBDB    000000014001f038     MSVCRTD:userapi.obj
 0003:00002140       ?mspdbName@@3QB_WB         000000014001f140     MSVCRTD:pdblkup.obj
 0003:00002170       ?debugCrtFileName@@3QB_WB  000000014001f170     MSVCRTD:pdblkup.obj
 0003:00002310       ?dllExt@?1??GetPdbDllPathFromFilePath@@YAHPEB_WPEA_W_K@Z@4QB_WB 000000014001f310     MSVCRTD:pdblkup.obj
 0003:00002320       ?mspdbFilename@?1??GetPdbDllPathFromFilePath@@YAHPEB_WPEA_W_K@Z@4QB_WB 000000014001f320     MSVCRTD:pdblkup.obj
 0003:00002bc8       _RTC_InitBase.rtc$IMZ      000000014001fbc8     main.obj
 0003:00002bd8       _RTC_InitBase.rtc$IMZ      000000014001fbd8     param_parser.obj
 0003:00002be8       _RTC_InitBase.rtc$IMZ      000000014001fbe8     zstack:file_load.obj
 0003:00002bf8       _RTC_InitBase.rtc$IMZ      000000014001fbf8     zstack:log.obj
 0003:00002c08       _RTC_InitBase.rtc$IMZ      000000014001fc08     zstack:print_usage.obj
 0003:00002c18       _RTC_InitBase.rtc$IMZ      000000014001fc18     zstack:time.obj
 0003:00002c28       _RTC_InitBase.rtc$IMZ      000000014001fc28     zstack:getopt.obj
 0003:00002c38       _RTC_InitBase.rtc$IMZ      000000014001fc38     zstack:fsize.obj
 0003:00002f70       _RTC_Shutdown.rtc$TMZ      000000014001ff70     main.obj
 0003:00002f80       _RTC_Shutdown.rtc$TMZ      000000014001ff80     param_parser.obj
 0003:00002f90       _RTC_Shutdown.rtc$TMZ      000000014001ff90     zstack:file_load.obj
 0003:00002fa0       _RTC_Shutdown.rtc$TMZ      000000014001ffa0     zstack:log.obj
 0003:00002fb0       _RTC_Shutdown.rtc$TMZ      000000014001ffb0     zstack:print_usage.obj
 0003:00002fc0       _RTC_Shutdown.rtc$TMZ      000000014001ffc0     zstack:time.obj
 0003:00002fd0       _RTC_Shutdown.rtc$TMZ      000000014001ffd0     zstack:getopt.obj
 0003:00002fe0       _RTC_Shutdown.rtc$TMZ      000000014001ffe0     zstack:fsize.obj
 0003:00003208       $unwind$__local_stdio_printf_options 0000000140020208     main.obj
 0003:0000321c       $unwind$_vfprintf_l        000000014002021c     main.obj
 0003:00003230       $unwind$printf             0000000140020230     main.obj
 0003:0000324c       $unwind$file_load_test2    000000014002024c     main.obj
 0003:00003260       $unwind$main               0000000140020260     main.obj
 0003:0000327c       $unwind$vsnprintf          000000014002027c     param_parser.obj
 0003:00003290       $unwind$snprintf           0000000140020290     param_parser.obj
 0003:000032ac       $unwind$param_parser       00000001400202ac     param_parser.obj
 0003:000032c8       $unwind$file_load          00000001400202c8     zstack:file_load.obj
 0003:000032dc       $unwind$file_load_simple   00000001400202dc     zstack:file_load.obj
 0003:000032f0       $unwind$fprintf            00000001400202f0     zstack:log.obj
 0003:0000330c       $unwind$log_init           000000014002030c     zstack:log.obj
 0003:00003328       $unwind$_log               0000000140020328     zstack:log.obj
 0003:00003344       $unwind$module_match       0000000140020344     zstack:log.obj
 0003:00003358       $unwind$add_to_log_mask    0000000140020358     zstack:log.obj
 0003:00003374       $unwind$print_usage        0000000140020374     zstack:print_usage.obj
 0003:00003388       $unwind$localtime          0000000140020388     zstack:time.obj
 0003:0000339c       $unwind$time               000000014002039c     zstack:time.obj
 0003:000033b0       $unwind$get_ms             00000001400203b0     zstack:time.obj
 0003:000033c4       $unwind$get_time           00000001400203c4     zstack:time.obj
 0003:000033e0       $unwind$hr_timer_freq      00000001400203e0     zstack:time.obj
 0003:000033fc       $unwind$hr_timer_counter   00000001400203fc     zstack:time.obj
 0003:00003418       $unwind$time_msleep        0000000140020418     zstack:time.obj
 0003:0000342c       $unwind$getopt             000000014002042c     zstack:getopt.obj
 0003:00003440       $unwind$getopt_long        0000000140020440     zstack:getopt.obj
[...]
 0003:00003840       $unwind$__scrt_is_nonwritable_in_current_image$filt$0 0000000140020840     MSVCRTD:utility.obj
 0003:00003848       $unwind$__scrt_acquire_startup_lock 0000000140020848     MSVCRTD:utility.obj
 0003:00003850       $unwind$__scrt_release_startup_lock 0000000140020850     MSVCRTD:utility.obj
 0003:00003858       $unwind$__scrt_initialize_crt 0000000140020858     MSVCRTD:utility.obj
 0003:00003860       $unwind$__scrt_uninitialize_crt 0000000140020860     MSVCRTD:utility.obj
 0003:00003868       $unwind$__scrt_initialize_onexit_tables 0000000140020868     MSVCRTD:utility.obj
 0003:00003878       $unwind$__scrt_dllmain_exception_filter 0000000140020878     MSVCRTD:utility.obj
 0003:00003880       $unwind$__scrt_dllmain_before_initialize_c 0000000140020880     MSVCRTD:utility.obj
 0003:00003888       $unwind$__scrt_dllmain_after_initialize_c 0000000140020888     MSVCRTD:utility.obj
 0003:00003890       $unwind$__scrt_dllmain_uninitialize_c 0000000140020890     MSVCRTD:utility.obj
 0003:00003898       $unwind$__scrt_dllmain_uninitialize_critical 0000000140020898     MSVCRTD:utility.obj
 0003:000038a0       $unwind$__scrt_dllmain_crt_thread_attach 00000001400208a0     MSVCRTD:utility.obj
 0003:000038a8       $unwind$__scrt_dllmain_crt_thread_detach 00000001400208a8     MSVCRTD:utility.obj
 0003:000038b0       $unwind$?is_potentially_valid_image_base@@YA_NQEAX@Z 00000001400208b0     MSVCRTD:utility.obj
 0003:000038b8       $unwind$?find_pe_section@@YAPEAU_IMAGE_SECTION_HEADER@@QEAE_K@Z 00000001400208b8     MSVCRTD:utility.obj
 0003:000038c0       $unwind$__security_init_cookie 00000001400208c0     MSVCRTD:gs_support.obj
 0003:000038c8       $unwind$__get_entropy      00000001400208c8     MSVCRTD:gs_support.obj
 0003:000038d0       $unwind$?__scrt_initialize_type_info@@YAXXZ 00000001400208d0     MSVCRTD:tncleanup.obj
 0003:000038d8       $unwind$?__scrt_uninitialize_type_info@@YAXXZ 00000001400208d8     MSVCRTD:tncleanup.obj
 0003:000038e0       $unwind$__scrt_initialize_default_local_stdio_options 00000001400208e0     MSVCRTD:default_local_stdio_options.obj
 0003:000038e8       $unwind$__scrt_is_user_matherr_present 00000001400208e8     MSVCRTD:matherr_detection.obj
 0003:000038f0       $unwind$__scrt_get_show_window_mode 00000001400208f0     MSVCRTD:utility_desktop.obj
 0003:00003900       $unwind$__scrt_is_managed_app 0000000140020900     MSVCRTD:utility_desktop.obj
 0003:00003908       $unwind$__scrt_initialize_mta 0000000140020908     MSVCRTD:utility_desktop.obj
 0003:00003910       $unwind$__scrt_set_unhandled_exception_filter 0000000140020910     MSVCRTD:utility_desktop.obj
 0003:00003918       $unwind$__scrt_fastfail    0000000140020918     MSVCRTD:utility_desktop.obj
 0003:00003928       $unwind$__scrt_unhandled_exception_filter 0000000140020928     MSVCRTD:utility_desktop.obj
 0003:00003930       $unwind$_RTC_Initialize    0000000140020930     MSVCRTD:initsect.obj
 0003:00003940       $unwind$_RTC_Terminate     0000000140020940     MSVCRTD:initsect.obj
 0003:00003950       $unwind$ReadNoFence64      0000000140020950     MSVCRTD:guard_support.obj
 0003:00003958       $unwind$ReadPointerNoFence 0000000140020958     MSVCRTD:guard_support.obj
 0003:00003960       $unwind$_guard_icall_checks_enforced 0000000140020960     MSVCRTD:guard_support.obj
 0003:00003968       $unwind$__castguard_compat_check 0000000140020968     MSVCRTD:guard_support.obj
 0003:00003970       $unwind$__castguard_check_failure_debugbreak 0000000140020970     MSVCRTD:guard_support.obj
 0003:00003978       $unwind$__castguard_check_failure_fastfail 0000000140020978     MSVCRTD:guard_support.obj
 0003:00003980       $unwind$__castguard_check_failure_os_handled 0000000140020980     MSVCRTD:guard_support.obj
 0003:00003988       $unwind$__castguard_slow_path_compat_check 0000000140020988     MSVCRTD:guard_support.obj
 0003:00003990       $unwind$__castguard_slow_path_check_debugbreak 0000000140020990     MSVCRTD:guard_support.obj
 0003:00003998       $unwind$__castguard_slow_path_check_fastfail 0000000140020998     MSVCRTD:guard_support.obj
 0003:000039a0       $unwind$__castguard_slow_path_check_os_handled 00000001400209a0     MSVCRTD:guard_support.obj
 0003:000039a8       $unwind$?_RTC_GetSrcLine@@YAHPEAEPEA_WKPEAH1K@Z 00000001400209a8     MSVCRTD:pdblkup.obj
 0003:000039c4       $unwind$?GetPdbDllFromInstallPath@@YAPEAUHINSTANCE__@@XZ 00000001400209c4     MSVCRTD:pdblkup.obj
 0003:000039ec       $unwind$?GetPdbDllPathFromFilePath@@YAHPEB_WPEA_W_K@Z 00000001400209ec     MSVCRTD:pdblkup.obj
 0003:00003a08       $unwind$?GetPdbDll@@YAPEAUHINSTANCE__@@XZ 0000000140020a08     MSVCRTD:pdblkup.obj
 0003:00003a1c       $unwind$__isa_available_init 0000000140020a1c     MSVCRTD:cpu_disp.obj
 0003:00003a30       $unwind$__scrt_is_ucrt_dll_in_use 0000000140020a30     MSVCRTD:ucrt_detection.obj
 0003:00003a38       $xdatasym                  0000000140020a38     MSVCRTD:guard_dispatch.obj
 0003:00003a40       $xdatasym                  0000000140020a40     MSVCRTD:guard_xfg_dispatch.obj
 0004:00000000       opts                       0000000140021000     param_parser.obj
 0004:00000240       log_inited                 0000000140021240     zstack:log.obj
 0004:00000244       flag_time                  0000000140021244     zstack:log.obj
 0004:00000248       logfile                    0000000140021248     zstack:log.obj
 0004:00000250       tmp_buffer                 0000000140021250     zstack:log.obj
 0004:00a00250       flag_prefix                0000000140a21250     zstack:log.obj
 0004:00a00260       log_modules                0000000140a21260     zstack:log.obj
 0004:00c02bb8       nextchar                   0000000140c23bb8     zstack:getopt.obj
 0004:00c02bc0       ordering                   0000000140c23bc0     zstack:getopt.obj
 0004:00c02bc4       first_nonopt               0000000140c23bc4     zstack:getopt.obj
 0004:00c02bc8       last_nonopt                0000000140c23bc8     zstack:getopt.obj
 0004:00c02be0       ?init@?1??_RTC_InitBase@@9@4_NA 0000000140c23be0     MSVCRTD:init.obj
 0004:00c02bf0       GS_ExceptionRecord         0000000140c23bf0     MSVCRTD:gs_report.obj
 0004:00c02c90       GS_ContextRecord           0000000140c23c90     MSVCRTD:gs_report.obj
 0004:00c03288       ?_RTC_ErrorReportFunc@@3P6AHHPEBDH00ZZEA 0000000140c24288     MSVCRTD:userapi.obj
 0004:00c03290       ?_RTC_ErrorReportFuncW@@3P6AHHPEB_WH00ZZEA 0000000140c24290     MSVCRTD:userapi.obj
 0004:00c032b0       ?is_initialized_as_dll@@3_NA 0000000140c242b0     MSVCRTD:utility.obj
 0004:00c032b1       ?module_local_atexit_table_initialized@@3_NA 0000000140c242b1     MSVCRTD:utility.obj
 0004:00c032b8       ?module_local_atexit_table@@3U_onexit_table_t@@A 0000000140c242b8     MSVCRTD:utility.obj
 0004:00c032d0       ?module_local_at_quick_exit_table@@3U_onexit_table_t@@A 0000000140c242d0     MSVCRTD:utility.obj
 0004:00c03338       ?mspdb@@3PEAUHINSTANCE__@@EA 0000000140c24338     MSVCRTD:pdblkup.obj
 0004:00c03341       ?alreadyTried@?1??GetPdbDll@@YAPEAUHINSTANCE__@@XZ@4_NA 0000000140c24341     MSVCRTD:pdblkup.obj
 0004:00c03342       ?PDBOK@?1??_RTC_GetSrcLine@@YAHPEAEPEA_WKPEAH1K@Z@4_NA 0000000140c24342     MSVCRTD:pdblkup.obj
 0006:00000220       .idata$5                   0000000140c28220     avutil:disds00317.o
 0006:00000230       .idata$5                   0000000140c28230     avcodec:dmums00084.o
 0006:00000238       .idata$5                   0000000140c28238     avcodec:dmums00087.o
 0006:00000240       .idata$5                   0000000140c28240     avcodec:dmums00105.o
 0006:00000248       .idata$5                   0000000140c28248     avcodec:dmums00106.o
 0006:00000250       .idata$5                   0000000140c28250     avcodec:dmums00109.o
 0006:00000258       .idata$5                   0000000140c28258     avcodec:dmums00129.o
 0006:00000260       .idata$5                   0000000140c28260     avcodec:dmums00156.o
 0006:00000268       .idata$5                   0000000140c28268     avcodec:dmums00161.o
 0006:00000270       .idata$5                   0000000140c28270     avcodec:dmums00174.o
 0006:00000790       .idata$4                   0000000140c28790     avutil:disds00317.o
 0006:000007a0       .idata$4                   0000000140c287a0     avcodec:dmums00084.o
 0006:000007a8       .idata$4                   0000000140c287a8     avcodec:dmums00087.o
 0006:000007b0       .idata$4                   0000000140c287b0     avcodec:dmums00105.o
 0006:000007b8       .idata$4                   0000000140c287b8     avcodec:dmums00106.o
 0006:000007c0       .idata$4                   0000000140c287c0     avcodec:dmums00109.o
 0006:000007c8       .idata$4                   0000000140c287c8     avcodec:dmums00129.o
 0006:000007d0       .idata$4                   0000000140c287d0     avcodec:dmums00156.o
 0006:000007d8       .idata$4                   0000000140c287d8     avcodec:dmums00161.o
 0006:000007e0       .idata$4                   0000000140c287e0     avcodec:dmums00174.o
 0006:00000a68       .idata$6                   0000000140c28a68     avutil:disds00317.o
 0006:00000a7c       .idata$6                   0000000140c28a7c     avcodec:dmums00084.o
 0006:00000a8e       .idata$6                   0000000140c28a8e     avcodec:dmums00087.o
 0006:00000aa0       .idata$6                   0000000140c28aa0     avcodec:dmums00156.o
 0006:00000ab8       .idata$6                   0000000140c28ab8     avcodec:dmums00129.o
 0006:00000ad2       .idata$6                   0000000140c28ad2     avcodec:dmums00161.o
 0006:00000aea       .idata$6                   0000000140c28aea     avcodec:dmums00174.o
 0006:00000afa       .idata$6                   0000000140c28afa     avcodec:dmums00106.o
 0006:00000b0c       .idata$6                   0000000140c28b0c     avcodec:dmums00109.o
 0006:00000b20       .idata$6                   0000000140c28b20     avcodec:dmums00105.o
 0006:00000b82       .idata$6                   0000000140c28b82     kernel32:KERNEL32.dll
 0006:00000c7e       .idata$6                   0000000140c28c7e     vcruntimed:VCRUNTIME140D.dll
 0006:00001002       .idata$6                   0000000140c29002     ucrtd:ucrtbased.dll
 0006:000013d4       .idata$7                   0000000140c293d4     avutil:disds00317.o
 0006:000013e8       .idata$7                   0000000140c293e8     avcodec:dmums00084.o
 0006:000013ec       .idata$7                   0000000140c293ec     avcodec:dmums00087.o
 0006:000013f0       .idata$7                   0000000140c293f0     avcodec:dmums00156.o
 0006:000013f4       .idata$7                   0000000140c293f4     avcodec:dmums00129.o
 0006:000013f8       .idata$7                   0000000140c293f8     avcodec:dmums00161.o
 0006:000013fc       .idata$7                   0000000140c293fc     avcodec:dmums00174.o
 0006:00001400       .idata$7                   0000000140c29400     avcodec:dmums00106.o
 0006:00001404       .idata$7                   0000000140c29404     avcodec:dmums00109.o
 0006:00001408       .idata$7                   0000000140c29408     avcodec:dmums00105.o
 0007:00000000       __B2D2BA86_ctype@h         0000000140c2a000     main.obj
 0007:00000001       __79C7FC57_basetsd@h       0000000140c2a001     main.obj
 0007:00000002       __1FEB9909_corecrt_memcpy_s@h 0000000140c2a002     main.obj
 0007:00000003       __9200769A_corecrt_wstring@h 0000000140c2a003     main.obj
 0007:00000004       __32E5F013_string@h        0000000140c2a004     main.obj
 0007:00000005       __D5DDFBF3_winnt@h         0000000140c2a005     main.obj
 0007:00000006       __439612F0_processthreadsapi@h 0000000140c2a006     main.obj
 0007:00000007       __5733279A_memoryapi@h     0000000140c2a007     main.obj
 0007:00000008       __D4435474_winerror@h      0000000140c2a008     main.obj
 0007:00000009       __B3ED30D4_winbase@h       0000000140c2a009     main.obj
 0007:0000000a       __A7113148_winioctl@h      0000000140c2a00a     main.obj
 0007:0000000b       __A118E6DC_stralign@h      0000000140c2a00b     main.obj
 0007:0000000c       __A2143F22_corecrt_stdio_config@h 0000000140c2a00c     main.obj
 0007:0000000d       __829E1958_corecrt_wstdio@h 0000000140c2a00d     main.obj
 0007:0000000e       __6DFAE8B8_stdio@h         0000000140c2a00e     main.obj
 0007:0000000f       __1157D6BA_corecrt_wtime@h 0000000140c2a00f     main.obj
 0007:00000010       __A0B61CF9_time@h          0000000140c2a010     main.obj
 0007:00000011       __741AE07E_corecrt_math@h  0000000140c2a011     main.obj
 0007:00000012       __E6F3A27B_error@h         0000000140c2a012     main.obj
 0007:00000013       __BFA3F1B5_mem@h           0000000140c2a013     main.obj
 0007:00000014       __B8B44FDA_common@h        0000000140c2a014     main.obj
 0007:00000015       __86B1F686_rational@h      0000000140c2a015     main.obj
 0007:00000016       __D9CF9A77_intfloat@h      0000000140c2a016     main.obj
 0007:00000017       __AC4D6F0D_avutil@h        0000000140c2a017     main.obj
 0007:00000018       __DA3617F6_avio@h          0000000140c2a018     main.obj
 0007:00000019       __29D95348_main@c          0000000140c2a019     main.obj
 0007:0000001f       __1FEB9909_corecrt_memcpy_s@h 0000000140c2a01f     param_parser.obj
 0007:00000020       __9200769A_corecrt_wstring@h 0000000140c2a020     param_parser.obj
 0007:00000021       __32E5F013_string@h        0000000140c2a021     param_parser.obj
 0007:00000022       __B2D2BA86_ctype@h         0000000140c2a022     param_parser.obj
 0007:00000023       __79C7FC57_basetsd@h       0000000140c2a023     param_parser.obj
 0007:00000024       __D5DDFBF3_winnt@h         0000000140c2a024     param_parser.obj
 0007:00000025       __439612F0_processthreadsapi@h 0000000140c2a025     param_parser.obj
 0007:00000026       __5733279A_memoryapi@h     0000000140c2a026     param_parser.obj
 0007:00000027       __D4435474_winerror@h      0000000140c2a027     param_parser.obj
 0007:00000028       __B3ED30D4_winbase@h       0000000140c2a028     param_parser.obj
 0007:00000029       __A7113148_winioctl@h      0000000140c2a029     param_parser.obj
 0007:0000002a       __A118E6DC_stralign@h      0000000140c2a02a     param_parser.obj
 0007:0000002b       __A2143F22_corecrt_stdio_config@h 0000000140c2a02b     param_parser.obj
 0007:0000002c       __829E1958_corecrt_wstdio@h 0000000140c2a02c     param_parser.obj
 0007:0000002d       __6DFAE8B8_stdio@h         0000000140c2a02d     param_parser.obj
 0007:0000002e       __1157D6BA_corecrt_wtime@h 0000000140c2a02e     param_parser.obj
 0007:0000002f       __A0B61CF9_time@h          0000000140c2a02f     param_parser.obj
 0007:00000030       __6E2F3653_param_parser@c  0000000140c2a030     param_parser.obj
 0007:00000034       __A2143F22_corecrt_stdio_config@h 0000000140c2a034     zstack:file_load.obj
 0007:00000035       __829E1958_corecrt_wstdio@h 0000000140c2a035     zstack:file_load.obj
 0007:00000036       __6DFAE8B8_stdio@h         0000000140c2a036     zstack:file_load.obj
 0007:00000037       __9E0412B5_file_load@c     0000000140c2a037     zstack:file_load.obj
 0007:00000038       __A2143F22_corecrt_stdio_config@h 0000000140c2a038     zstack:log.obj
 0007:00000039       __829E1958_corecrt_wstdio@h 0000000140c2a039     zstack:log.obj
 0007:0000003a       __6DFAE8B8_stdio@h         0000000140c2a03a     zstack:log.obj
 0007:0000003b       __1FEB9909_corecrt_memcpy_s@h 0000000140c2a03b     zstack:log.obj
 0007:0000003c       __9200769A_corecrt_wstring@h 0000000140c2a03c     zstack:log.obj
 0007:0000003d       __32E5F013_string@h        0000000140c2a03d     zstack:log.obj
 0007:0000003e       __1157D6BA_corecrt_wtime@h 0000000140c2a03e     zstack:log.obj
 0007:0000003f       __A0B61CF9_time@h          0000000140c2a03f     zstack:log.obj
 0007:00000040       __4F3AC81A_log@c           0000000140c2a040     zstack:log.obj
 0007:00000042       __B2D2BA86_ctype@h         0000000140c2a042     zstack:print_usage.obj
 0007:00000043       __79C7FC57_basetsd@h       0000000140c2a043     zstack:print_usage.obj
 0007:00000044       __1FEB9909_corecrt_memcpy_s@h 0000000140c2a044     zstack:print_usage.obj
 0007:00000045       __9200769A_corecrt_wstring@h 0000000140c2a045     zstack:print_usage.obj
 0007:00000046       __32E5F013_string@h        0000000140c2a046     zstack:print_usage.obj
 0007:00000047       __D5DDFBF3_winnt@h         0000000140c2a047     zstack:print_usage.obj
 0007:00000048       __439612F0_processthreadsapi@h 0000000140c2a048     zstack:print_usage.obj
 0007:00000049       __5733279A_memoryapi@h     0000000140c2a049     zstack:print_usage.obj
 0007:0000004a       __D4435474_winerror@h      0000000140c2a04a     zstack:print_usage.obj
 0007:0000004b       __B3ED30D4_winbase@h       0000000140c2a04b     zstack:print_usage.obj
 0007:0000004c       __A7113148_winioctl@h      0000000140c2a04c     zstack:print_usage.obj
 0007:0000004d       __A118E6DC_stralign@h      0000000140c2a04d     zstack:print_usage.obj
 0007:0000004e       __A2143F22_corecrt_stdio_config@h 0000000140c2a04e     zstack:print_usage.obj
 0007:0000004f       __829E1958_corecrt_wstdio@h 0000000140c2a04f     zstack:print_usage.obj
 0007:00000050       __6DFAE8B8_stdio@h         0000000140c2a050     zstack:print_usage.obj
 0007:00000051       __1157D6BA_corecrt_wtime@h 0000000140c2a051     zstack:print_usage.obj
 0007:00000052       __A0B61CF9_time@h          0000000140c2a052     zstack:print_usage.obj
 0007:00000053       __F94F27BA_print_usage@c   0000000140c2a053     zstack:print_usage.obj
 0007:00000057       __B2D2BA86_ctype@h         0000000140c2a057     zstack:time.obj
 0007:00000058       __79C7FC57_basetsd@h       0000000140c2a058     zstack:time.obj
 0007:00000059       __1FEB9909_corecrt_memcpy_s@h 0000000140c2a059     zstack:time.obj
 0007:0000005a       __9200769A_corecrt_wstring@h 0000000140c2a05a     zstack:time.obj
 0007:0000005b       __32E5F013_string@h        0000000140c2a05b     zstack:time.obj
 0007:0000005c       __D5DDFBF3_winnt@h         0000000140c2a05c     zstack:time.obj
 0007:0000005d       __439612F0_processthreadsapi@h 0000000140c2a05d     zstack:time.obj
 0007:0000005e       __5733279A_memoryapi@h     0000000140c2a05e     zstack:time.obj
 0007:0000005f       __D4435474_winerror@h      0000000140c2a05f     zstack:time.obj
 0007:00000060       __B3ED30D4_winbase@h       0000000140c2a060     zstack:time.obj
 0007:00000061       __A7113148_winioctl@h      0000000140c2a061     zstack:time.obj
 0007:00000062       __A118E6DC_stralign@h      0000000140c2a062     zstack:time.obj
 0007:00000063       __1157D6BA_corecrt_wtime@h 0000000140c2a063     zstack:time.obj
 0007:00000064       __A0B61CF9_time@h          0000000140c2a064     zstack:time.obj
 0007:00000065       __1FF6350B_time@c          0000000140c2a065     zstack:time.obj
 0007:00000069       __A2143F22_corecrt_stdio_config@h 0000000140c2a069     zstack:getopt.obj
 0007:0000006a       __829E1958_corecrt_wstdio@h 0000000140c2a06a     zstack:getopt.obj
 0007:0000006b       __6DFAE8B8_stdio@h         0000000140c2a06b     zstack:getopt.obj
 0007:0000006c       __1FEB9909_corecrt_memcpy_s@h 0000000140c2a06c     zstack:getopt.obj
 0007:0000006d       __9200769A_corecrt_wstring@h 0000000140c2a06d     zstack:getopt.obj
 0007:0000006e       __32E5F013_string@h        0000000140c2a06e     zstack:getopt.obj
 0007:0000006f       __B4D82C28_getopt@c        0000000140c2a06f     zstack:getopt.obj
 0007:00000071       __A2143F22_corecrt_stdio_config@h 0000000140c2a071     zstack:fsize.obj
 0007:00000072       __829E1958_corecrt_wstdio@h 0000000140c2a072     zstack:fsize.obj
 0007:00000073       __6DFAE8B8_stdio@h         0000000140c2a073     zstack:fsize.obj
 0007:00000074       __D5980125_fsize@c         0000000140c2a074     zstack:fsize.obj
 0009:00000170       $R000000                   0000000140c2c170     * linker generated manifest res *

 Exports

  ordinal    name

